 PhysXCooking_64

 Timestamp is 61045aa4 (Fri Jul 30 22:01:40 2021)

 Preferred load address is 0000000180000000

 Start         Length     Name                   Class
 0001:00000000 000003c0H .text$di                CODE
 0001:000003c0 000428d0H .text$mn                CODE
 0001:00042c90 00000040H .text$mn$00             CODE
 0001:00042cd0 00000490H .text$x                 CODE
 0002:00000000 00000258H .idata$5                DATA
 0002:00000258 00000028H .00cfg                  DATA
 0002:00000280 00000008H .CRT$XCA                DATA
 0002:00000288 000001e0H .CRT$XCU                DATA
 0002:00000468 00000008H .CRT$XCZ                DATA
 0002:00000470 00000008H .CRT$XIA                DATA
 0002:00000478 00000018H .CRT$XIC                DATA
 0002:00000490 00000008H .CRT$XIZ                DATA
 0002:00000498 00000008H .CRT$XPA                DATA
 0002:000004a0 00000010H .CRT$XPX                DATA
 0002:000004b0 00000008H .CRT$XPXA               DATA
 0002:000004b8 00000008H .CRT$XPZ                DATA
 0002:000004c0 00000008H .CRT$XTA                DATA
 0002:000004c8 00000008H .CRT$XTZ                DATA
 0002:000004d0 00000000H .gehcont$y              DATA
 0002:000004d0 00000000H .gfids$y                DATA
 0002:000004d0 0000b1e8H .rdata                  DATA
 0002:0000b6b8 0000043cH .rdata$r                DATA
 0002:0000baf4 000003f4H .rdata$zzzdbg           DATA
 0002:0000bee8 00000008H .rtc$IAA                DATA
 0002:0000bef0 00000008H .rtc$IZZ                DATA
 0002:0000bef8 00000008H .rtc$TAA                DATA
 0002:0000bf00 00000008H .rtc$TZZ                DATA
 0002:0000bf08 00003d60H .xdata                  DATA
 0002:0000fc68 00000084H .xdata$x                DATA
 0002:0000fcec 00000040H .didat$2                DATA
 0002:0000fd2c 00000024H .didat$3                DATA
 0002:0000fd50 00000188H .didat$4                DATA
 0002:0000fed8 00000950H .didat$6                DATA
 0002:00010828 00000188H .didat$7                DATA
 0002:000109b0 00001d00H .edata                  DATA
 0002:000126b0 00000014H .idata$2                DATA
 0002:000126c4 00000014H .idata$3                DATA
 0002:000126d8 00000258H .idata$4                DATA
 0002:00012930 00000576H .idata$6                DATA
 0003:00000000 00000a30H .data                   DATA
 0003:00000a30 000006d8H .data$r                 DATA
 0003:00001108 00000188H .didat$5                DATA
 0003:00001290 000015d0H .bss                    DATA
 0004:00000000 00003270H .pdata                  DATA
 0005:00000000 000022a4H _RDATA                  DATA
 0006:00000000 000000a0H .rsrc$01                DATA
 0006:000000a0 000004b0H .rsrc$02                DATA

  Address         Publics by Value              Rva+Base               Lib:Object

 0000:00000000       __arm64x_redirection_metadata_count 0000000000000000     <absolute>
 0000:00000000       __hybrid_code_map          0000000000000000     <absolute>
 0000:00000000       __guard_iat_count          0000000000000000     <absolute>
 0000:00000000       __guard_longjmp_table      0000000000000000     <absolute>
 0000:00000000       __arm64x_redirection_metadata 0000000000000000     <absolute>
 0000:00000000       __guard_eh_cont_count      0000000000000000     <absolute>
 0000:00000000       __arm64x_native_entrypoint 0000000000000000     <absolute>
 0000:00000000       __volatile_metadata        0000000000000000     <absolute>
 0000:00000000       __guard_iat_table          0000000000000000     <absolute>
 0000:00000000       __guard_longjmp_count      0000000000000000     <absolute>
 0000:00000000       __guard_eh_cont_table      0000000000000000     <absolute>
 0000:00000000       __x64_code_ranges_to_entry_points 0000000000000000     <absolute>
 0000:00000000       __hybrid_code_map_count    0000000000000000     <absolute>
 0000:00000000       __x64_code_ranges_to_entry_points_count 0000000000000000     <absolute>
 0000:00000000       __enclave_config           0000000000000000     <absolute>
 0000:00000000       ___safe_se_handler_count   0000000000000000     <absolute>
 0000:00000000       __guard_fids_count         0000000000000000     <absolute>
 0000:00000000       __arm64x_extra_rfe_table   0000000000000000     <absolute>
 0000:00000000       __dynamic_value_reloc_table 0000000000000000     <absolute>
 0000:00000000       __AbsoluteZero             0000000000000000     <absolute>
 0000:00000000       ___safe_se_handler_table   0000000000000000     <absolute>
 0000:00000000       __arm64x_extra_rfe_table_size 0000000000000000     <absolute>
 0000:00000000       __guard_fids_table         0000000000000000     <absolute>
 0000:00000000       __hybrid_auxiliary_iat     0000000000000000     <absolute>
 0000:00000100       __guard_flags              0000000000000100     <absolute>
 0000:00000000       __ImageBase                0000000180000000     <linker-defined>
 0001:000003c0       ??$?_UV?$ReflectionAllocator@VAdjTriangle@physx@@@shdfnd@physx@@@UserAllocated@shdfnd@physx@@SAPEAX_KV?$ReflectionAllocator@VAdjTriangle@physx@@@12@PEBDH@Z 00000001800013c0 f i Adjacencies.obj
 0001:00000460       ??0AdjacenciesBuilder@physx@@QEAA@XZ 0000000180001460 f   Adjacencies.obj
 0001:00000470       ??0AABBTreeBuildNode@Gu@physx@@QEAA@XZ 0000000180001470 f i BVHStructureBuilder.obj
 0001:00000470       ??4Allocator@shdfnd@physx@@QEAAAEAV012@AEBV012@@Z 0000000180001470 f i Adjacencies.obj
 0001:00000470       ??0Box@Gu@physx@@QEAA@XZ   0000000180001470 f i ConvexHullUtils.obj
 0001:00000470       ??0Allocator@shdfnd@physx@@QEAA@PEBD@Z 0000000180001470 f i Adjacencies.obj
 0001:00000470       ??4PxFoundation@physx@@QEAAAEAV01@AEBV01@@Z 0000000180001470 f i Adjacencies.obj
 0001:00000470       ??$forward@_K@std@@YA$$QEA_KAEA_K@Z 0000000180001470 f i libvcruntime:undname.obj
 0001:00000470       ?getPaddedBounds@HeightFieldData@Gu@physx@@QEBAAEBVCenterExtentsPadded@23@XZ 0000000180001470 f i Cooking.obj
 0001:00000470       ??4Allocator@shdfnd@physx@@QEAAAEAV012@$$QEAV012@@Z 0000000180001470 f i Adjacencies.obj
 0001:00000470       ??0BigConvexData@physx@@QEAA@W4PxEMPTY@1@@Z 0000000180001470 f i BigConvexDataBuilder.obj
 0001:00000470       ?getAABB@AABBTreeBuildNode@Gu@physx@@QEBAAEBVPxBounds3@3@XZ 0000000180001470 f i BVHStructureBuilder.obj
 0001:00000470       ??0HeightFieldData@Gu@physx@@QEAA@W4PxEMPTY@2@@Z 0000000180001470 f i Cooking.obj
 0001:00000470       ??4MutexImpl@shdfnd@physx@@QEAAAEAV012@AEBV012@@Z 0000000180001470 f i Adjacencies.obj
 0001:00000480       ??0PxFoundation@physx@@QEAA@XZ 0000000180001480 f i Adjacencies.obj
 0001:00000480       ??0PxFoundation@physx@@QEAA@AEBV01@@Z 0000000180001480 f i Adjacencies.obj
 0001:00000490       ??1Adjacencies@physx@@QEAA@XZ 0000000180001490 f   Adjacencies.obj
 0001:00000500       ??1AdjacenciesBuilder@physx@@QEAA@XZ 0000000180001500 f   Adjacencies.obj
 0001:00000510       ??1PxFoundation@physx@@MEAA@XZ 0000000180001510 f i Adjacencies.obj
 0001:00000520       ??_EPxFoundation@physx@@MEAAPEAXI@Z 0000000180001520 f i Adjacencies.obj
 0001:000005b0       ??1BigConvexDataBuilder@physx@@QEAA@XZ 00000001800015b0 f i BigConvexDataBuilder.obj
 0001:000005b0       ??1Box@Gu@physx@@QEAA@XZ   00000001800015b0 f i ConvexHullUtils.obj
 0001:000005b0       ??1AABBTreeBuildNode@Gu@physx@@QEAA@XZ 00000001800015b0 f i BVHStructureBuilder.obj
 0001:000005b0       ??_FAllocator@shdfnd@physx@@QEAAXXZ 00000001800015b0 f i Adjacencies.obj
 0001:000005b0       ?onMeshIndexFormatChange@TriangleMeshBuilder@physx@@UEAAXXZ 00000001800015b0 f i TriangleMeshBuilder.obj
 0001:000005b0       _guard_check_icall_nop     00000001800015b0 f i LIBCMT:guard_support.obj
 0001:000005b0       ??1HeightFieldData@Gu@physx@@QEAA@XZ 00000001800015b0 f i Cooking.obj
 0001:000005c0       ?ComputeNbBoundaryEdges@Adjacencies@physx@@QEBAIXZ 00000001800015c0 f   Adjacencies.obj
 0001:000008a0       ?GetNbHits@RadixSort@Cm@physx@@QEBAIXZ 00000001800018a0 f i Adjacencies.obj
 0001:000008b0       ?GetNbTotalCalls@RadixSort@Cm@physx@@QEBAIXZ 00000001800018b0 f i Adjacencies.obj
 0001:000008c0       ?GetRanks@RadixSort@Cm@physx@@QEBAPEBIXZ 00000001800018c0 f i Adjacencies.obj
 0001:000008c0       ?getErrorCallback@Foundation@shdfnd@physx@@UEAAAEAVPxErrorCallback@3@XZ 00000001800018c0 f i Adjacencies.obj
 0001:000008d0       ?GetRecyclable@RadixSort@Cm@physx@@QEBAPEAIXZ 00000001800018d0 f i Adjacencies.obj
 0001:000008d0       ?getPos@AABBTreeBuildNode@Gu@physx@@QEBAPEBV123@XZ 00000001800018d0 f i BVHStructureBuilder.obj
 0001:000008d0       ?GetValencies@BigConvexData@physx@@QEBAPEBUValency@Gu@2@XZ 00000001800018d0 f i BigConvexDataBuilder.obj
 0001:000008e0       ?Init@AdjacenciesBuilder@physx@@QEAA_NAEBUADJACENCIESCREATE@2@@Z 00000001800018e0 f   Adjacencies.obj
 0001:00000e90       ?getAllocator@Foundation@shdfnd@physx@@QEAAAEAVPxAllocatorCallback@3@XZ 0000000180001e90 f i Adjacencies.obj
 0001:00000ea0       ?getAllocatorCallback@Foundation@shdfnd@physx@@UEAAAEAVPxAllocatorCallback@3@XZ 0000000180001ea0 f i Adjacencies.obj
 0001:00000eb0       ?getErrorLevel@Foundation@shdfnd@physx@@UEBA?AW4Enum@PxErrorCode@3@XZ 0000000180001eb0 f i Adjacencies.obj
 0001:00000ec0       ?getInternalErrorCallback@Foundation@shdfnd@physx@@QEAAAEAVPxErrorCallback@3@XZ 0000000180001ec0 f i Adjacencies.obj
 0001:00000ed0       ?getNamedAllocMap@Foundation@shdfnd@physx@@QEAAAEAV?$HashMap@PEBVNamedAllocator@shdfnd@physx@@PEBDU?$Hash@PEBVNamedAllocator@shdfnd@physx@@@23@VNonTrackingAllocator@23@@23@XZ 0000000180001ed0 f i Adjacencies.obj
 0001:00000ee0       ?getNamedAllocMutex@Foundation@shdfnd@physx@@QEAAAEAV?$MutexT@VAllocator@shdfnd@physx@@@23@XZ 0000000180001ee0 f i Adjacencies.obj
 0001:00000ef0       ?getReportAllocationNames@Foundation@shdfnd@physx@@UEBA_NXZ 0000000180001ef0 f i Adjacencies.obj
 0001:00000f00       ?getTempAllocFreeTable@Foundation@shdfnd@physx@@QEAAAEAV?$Array@PEATTempAllocatorChunk@shdfnd@physx@@VAllocator@23@@23@XZ 0000000180001f00 f i Adjacencies.obj
 0001:00000f10       ?getTempAllocMutex@Foundation@shdfnd@physx@@QEAAAEAV?$MutexT@VAllocator@shdfnd@physx@@@23@XZ 0000000180001f10 f i Adjacencies.obj
 0001:00000f20       ?invalidateRanks@RadixSort@Cm@physx@@QEAAXXZ 0000000180001f20 f i Adjacencies.obj
 0001:00000f30       ?setErrorLevel@Foundation@shdfnd@physx@@UEAAXW4Enum@PxErrorCode@3@@Z 0000000180001f30 f i Adjacencies.obj
 0001:00000f40       ?setReportAllocationNames@Foundation@shdfnd@physx@@UEAAX_N@Z 0000000180001f40 f i Adjacencies.obj
 0001:00000f50       ??0DebugText@Cm@physx@@QEAA@$$QEAU012@@Z 0000000180001f50 f i Cooking.obj
 0001:00000f50       ??0DebugText@Cm@physx@@QEAA@AEBU012@@Z 0000000180001f50 f i Cooking.obj
 0001:00001030       ??4HeightFieldData@Gu@physx@@QEAAAEAU012@AEBU012@@Z 0000000180002030 f i Cooking.obj
 0001:00001030       ??0HeightFieldData@Gu@physx@@QEAA@AEBU012@@Z 0000000180002030 f i Cooking.obj
 0001:00001030       ??4HeightFieldData@Gu@physx@@QEAAAEAU012@$$QEAU012@@Z 0000000180002030 f i Cooking.obj
 0001:00001030       ??0HeightFieldData@Gu@physx@@QEAA@$$QEAU012@@Z 0000000180002030 f i Cooking.obj
 0001:00001090       ??0HeightFieldData@Gu@physx@@QEAA@XZ 0000000180002090 f i Cooking.obj
 0001:000010a0       ??0RenderOutput@Cm@physx@@QEAA@AEAVRenderBuffer@12@@Z 00000001800020a0 f i Cooking.obj
 0001:000010f0       ??0RenderOutput@Cm@physx@@QEAA@AEBV012@@Z 00000001800020f0 f i Cooking.obj
 0001:00001190       ??1PxHeightField@physx@@MEAA@XZ 0000000180002190 f i Cooking.obj
 0001:00001190       ??1PxConvexMesh@physx@@MEAA@XZ 0000000180002190 f i Cooking.obj
 0001:000011a0       ??4DebugText@Cm@physx@@QEAAAEAU012@$$QEAU012@@Z 00000001800021a0 f i Cooking.obj
 0001:000011a0       ??4DebugText@Cm@physx@@QEAAAEAU012@AEBU012@@Z 00000001800021a0 f i Cooking.obj
 0001:000012d0       ??4FPUGuard@shdfnd@physx@@QEAAAEAV012@AEBV012@@Z 00000001800022d0 f i Cooking.obj
 0001:000012f0       ??_ECooking@physx@@UEAAPEAXI@Z 00000001800022f0 f i Cooking.obj
 0001:000012f0       ??_GCooking@physx@@UEAAPEAXI@Z 00000001800022f0 f i Cooking.obj
 0001:00001340       ??_GPxBase@physx@@MEAAPEAXI@Z 0000000180002340 f i Cooking.obj
 0001:00001340       ??_EPxBase@physx@@MEAAPEAXI@Z 0000000180002340 f i Cooking.obj
 0001:00001370       ??_EPxCooking@physx@@MEAAPEAXI@Z 0000000180002370 f i Cooking.obj
 0001:00001370       ??_GPxCooking@physx@@MEAAPEAXI@Z 0000000180002370 f i Cooking.obj
 0001:000013a0       ?allocate@?$Array@UPxDebugLine@physx@@V?$ReflectionAllocator@UPxDebugLine@physx@@@shdfnd@2@@shdfnd@physx@@IEAAPEAUPxDebugLine@3@I@Z 00000001800023a0 f i Cooking.obj
 0001:00001440       ?computeHullPolygons@Cooking@physx@@UEBA_NAEBVPxSimpleTriangleMesh@2@AEAVPxAllocatorCallback@2@AEAIAEAPEAVPxVec3@2@2AEAPEAI2AEAPEAUPxHullPolygon@2@@Z 0000000180002440 f   Cooking.obj
 0001:00001620       ?cookBVHStructure@Cooking@physx@@UEBA_NAEBVPxBVHStructureDesc@2@AEAVPxOutputStream@2@@Z 0000000180002620 f   Cooking.obj
 0001:000016d0       ?cookConvexMesh@Cooking@physx@@UEBA_NAEBVPxConvexMeshDesc@2@AEAVPxOutputStream@2@PEAW4Enum@PxConvexMeshCookingResult@2@@Z 00000001800026d0 f   Cooking.obj
 0001:000018b0       ?cookConvexMeshInternal@Cooking@physx@@AEBA_NAEBVPxConvexMeshDesc@2@AEAVConvexMeshBuilder@2@PEAVConvexHullLib@2@PEAW4Enum@PxConvexMeshCookingResult@2@@Z 00000001800028b0 f   Cooking.obj
 0001:00001b20       ?cookHeightField@Cooking@physx@@UEBA_NAEBVPxHeightFieldDesc@2@AEAVPxOutputStream@2@@Z 0000000180002b20 f   Cooking.obj
 0001:00001bf0       ?cookTriangleMesh@Cooking@physx@@UEBA_NAEBVPxTriangleMeshDesc@2@AEAVPxOutputStream@2@PEAW4Enum@PxTriangleMeshCookingResult@2@@Z 0000000180002bf0 f   Cooking.obj
 0001:00001d30       ?copy@?$Array@UPxDebugLine@physx@@V?$ReflectionAllocator@UPxDebugLine@physx@@@shdfnd@2@@shdfnd@physx@@KAXPEAUPxDebugLine@3@0PEBU43@@Z 0000000180002d30 f i Cooking.obj
 0001:00001ee0       ?createBVHStructure@Cooking@physx@@UEBAPEAVPxBVHStructure@2@AEBVPxBVHStructureDesc@2@AEAVPxPhysicsInsertionCallback@2@@Z 0000000180002ee0 f   Cooking.obj
 0001:00001f90       ?createConvexMesh@Cooking@physx@@UEBAPEAVPxConvexMesh@2@AEBVPxConvexMeshDesc@2@AEAVPxPhysicsInsertionCallback@2@PEAW4Enum@PxConvexMeshCookingResult@2@@Z 0000000180002f90 f   Cooking.obj
 0001:00002190       ?createHeightField@Cooking@physx@@UEBAPEAVPxHeightField@2@AEBVPxHeightFieldDesc@2@AEAVPxPhysicsInsertionCallback@2@@Z 0000000180003190 f   Cooking.obj
 0001:000022f0       ?createTriangleMesh@Cooking@physx@@UEBAPEAVPxTriangleMesh@2@AEBVPxTriangleMeshDesc@2@AEAVPxPhysicsInsertionCallback@2@PEAW4Enum@PxTriangleMeshCookingResult@2@@Z 00000001800032f0 f   Cooking.obj
 0001:00002440       ?getConcreteTypeName@PxConvexMesh@physx@@UEBAPEBDXZ 0000000180003440 f i Cooking.obj
 0001:00002450       ?getConcreteTypeName@PxHeightField@physx@@UEBAPEBDXZ 0000000180003450 f i Cooking.obj
 0001:00002460       ?getConvexEdgeThreshold@HeightField@Gu@physx@@UEBAMXZ 0000000180003460 f i Cooking.obj
 0001:00002470       ?getFlags@HeightField@Gu@physx@@UEBA?AV?$PxFlags@W4Enum@PxHeightFieldFlag@physx@@G@3@XZ 0000000180003470 f i Cooking.obj
 0001:00002480       ?getFormat@HeightField@Gu@physx@@UEBA?AW4Enum@PxHeightFieldFormat@3@XZ 0000000180003480 f i Cooking.obj
 0001:00002490       ?getHeight@HeightField@Gu@physx@@UEBAMMM@Z 0000000180003490 f i Cooking.obj
 0001:000024d0       ?getHeightInternal2@HeightField@Gu@physx@@QEBAMIMM@Z 00000001800034d0 f i Cooking.obj
 0001:00002640       ?getIndexBuffer@ConvexMesh@Gu@physx@@UEBAPEBEXZ 0000000180003640 f i Cooking.obj
 0001:00002680       ?getNbColumns@HeightField@Gu@physx@@UEBAIXZ 0000000180003680 f i Cooking.obj
 0001:00002690       ?getNbPolygons@ConvexMesh@Gu@physx@@UEBAIXZ 0000000180003690 f i Cooking.obj
 0001:000026a0       ?getNbRows@HeightField@Gu@physx@@UEBAIXZ 00000001800036a0 f i Cooking.obj
 0001:000026b0       ?getNbVertices@ConvexMesh@Gu@physx@@UEBAIXZ 00000001800036b0 f i Cooking.obj
 0001:000026c0       ?getParams@Cooking@physx@@UEBAAEBUPxCookingParams@2@XZ 00000001800036c0 f   Cooking.obj
 0001:000026c0       ?getDenormalizeScale@QuantizerImpl@@UEBAAEBVPxVec3@physx@@XZ 00000001800036c0 f   Quantizer.obj
 0001:000026d0       ?getSample@HeightField@Gu@physx@@UEBAAEBUPxHeightFieldSample@3@II@Z 00000001800036d0 f i Cooking.obj
 0001:000026e0       ?getSampleStride@HeightField@Gu@physx@@UEBAIXZ 00000001800036e0 f i Cooking.obj
 0001:000026f0       ?getTimestamp@HeightField@Gu@physx@@UEBAIXZ 00000001800036f0 f i Cooking.obj
 0001:00002700       ?getTriangleMaterialIndex@HeightField@Gu@physx@@UEBAGI@Z 0000000180003700 f i Cooking.obj
 0001:00002730       ?getTriangleNormal@HeightField@Gu@physx@@UEBA?AVPxVec3@3@I@Z 0000000180003730 f i Cooking.obj
 0001:00002830       ?getVertices@ConvexMesh@Gu@physx@@UEBAPEBVPxVec3@3@XZ 0000000180003830 f i Cooking.obj
 0001:00002850       ?isKindOf@PxBase@physx@@MEBA_NPEBD@Z 0000000180003850 f i Cooking.obj
 0001:00002880       ?isKindOf@PxConvexMesh@physx@@MEBA_NPEBD@Z 0000000180003880 f i Cooking.obj
 0001:000028d0       ?isKindOf@PxHeightField@physx@@MEBA_NPEBD@Z 00000001800038d0 f i Cooking.obj
 0001:00002920       ?isReleasable@PxBase@physx@@UEBA_NXZ 0000000180003920 f i Cooking.obj
 0001:00002930       ?outputSegment@RenderOutput@Cm@physx@@QEAAXAEBVPxVec3@3@0@Z 0000000180003930 f i Cooking.obj
 0001:000029f0       ?platformMismatch@Cooking@physx@@UEBA_NXZ 00000001800039f0 f   Cooking.obj
 0001:00002a00       ?preExportDataReset@HeightField@Gu@physx@@QEAAXXZ 0000000180003a00 f i Cooking.obj
 0001:00002a00       ?preExportDataReset@ConvexMesh@Gu@physx@@QEAAXXZ 0000000180003a00 f i Cooking.obj
 0001:00002a10       ?recreate@?$Array@UPxDebugLine@physx@@V?$ReflectionAllocator@UPxDebugLine@physx@@@shdfnd@2@@shdfnd@physx@@IEAAXI@Z 0000000180003a10 f i Cooking.obj
 0001:00002aa0       ?release@Cooking@physx@@UEAAXXZ 0000000180003aa0 f   Cooking.obj
 0001:00002ac0       ?reserveSegments@RenderOutput@Cm@physx@@QEAAPEAUPxDebugLine@3@I@Z 0000000180003ac0 f i Cooking.obj
 0001:00002b30       ?setParams@Cooking@physx@@UEAAXAEBUPxCookingParams@2@@Z 0000000180003b30 f   Cooking.obj
 0001:00002b90       ?validateConvexMesh@Cooking@physx@@UEBA_NAEBVPxConvexMeshDesc@2@@Z 0000000180003b90 f   Cooking.obj
 0001:00002bf0       ?validateTriangleMesh@Cooking@physx@@UEBA_NAEBVPxTriangleMeshDesc@2@@Z 0000000180003bf0 f   Cooking.obj
 0001:00002d00       PxCreateCooking            0000000180003d00 f   Cooking.obj
 0001:00002df0       ??0ReducedVertexCloud@physx@@QEAA@PEBVPxVec3@1@I@Z 0000000180003df0 f   CookingUtils.obj
 0001:00002e10       ??1ReducedVertexCloud@physx@@QEAA@XZ 0000000180003e10 f   CookingUtils.obj
 0001:00002e20       ?Clean@ReducedVertexCloud@physx@@QEAAAEAV12@XZ 0000000180003e20 f   CookingUtils.obj
 0001:00002e90       ?Reduce@ReducedVertexCloud@physx@@QEAA_NPEAUREDUCEDCLOUD@2@@Z 0000000180003e90 f   CookingUtils.obj
 0001:000031b0       ??$?_UI@@YAPEAX_KV?$ReflectionAllocator@I@shdfnd@physx@@PEBDH@Z 00000001800041b0 f i EdgeList.obj
 0001:00003250       ??0EdgeListBuilder@Gu@physx@@QEAA@XZ 0000000180004250 f   EdgeList.obj
 0001:00003270       ??1EdgeList@Gu@physx@@QEAA@XZ 0000000180004270 f   EdgeList.obj
 0001:00003310       ??1EdgeListBuilder@Gu@physx@@QEAA@XZ 0000000180004310 f   EdgeList.obj
 0001:00003320       ?computeActiveEdges@EdgeListBuilder@Gu@physx@@AEAA_NIPEBIPEBGPEBVPxVec3@3@M@Z 0000000180004320 f   EdgeList.obj
 0001:00004960       ?createEdgesToFaces@EdgeListBuilder@Gu@physx@@AEAA_NIPEBIPEBG@Z 0000000180005960 f   EdgeList.obj
 0001:00004bc0       ?createFacesToEdges@EdgeListBuilder@Gu@physx@@AEAA_NIPEBIPEBG@Z 0000000180005bc0 f   EdgeList.obj
 0001:00005030       ?init@EdgeListBuilder@Gu@physx@@QEAA_NAEBUEDGELISTCREATE@23@@Z 0000000180006030 f   EdgeList.obj
 0001:00005160       ??0MeshCleaner@physx@@QEAA@IPEBVPxVec3@1@IPEBIM@Z 0000000180006160 f   MeshCleaner.obj
 0001:00005b00       ??1MeshCleaner@physx@@QEAA@XZ 0000000180006b00 f   MeshCleaner.obj
 0001:00005b90       ??$kmeans_cluster@VPxVec3@physx@@M@@YAIPEBVPxVec3@physx@@IIPEAV01@PEAIMM@Z 0000000180006b90 f i Quantizer.obj
 0001:000064b0       ??_EQuantizer@physx@@MEAAPEAXI@Z 00000001800074b0 f i Quantizer.obj
 0001:000064b0       ??_GQuantizer@physx@@MEAAPEAXI@Z 00000001800074b0 f i Quantizer.obj
 0001:000064e0       ??_GQuantizerImpl@@EEAAPEAXI@Z 00000001800074e0 f i Quantizer.obj
 0001:000064e0       ??_EQuantizerImpl@@EEAAPEAXI@Z 00000001800074e0 f i Quantizer.obj
 0001:000065b0       ?createQuantizer@physx@@YAPEAVQuantizer@1@XZ 00000001800075b0 f   Quantizer.obj
 0001:00006660       ?getDenormalizeCenter@QuantizerImpl@@UEBAAEBVPxVec3@physx@@XZ 0000000180007660 f i Quantizer.obj
 0001:00006670       ?growAndPushBack@?$Array@VPxVec3@physx@@V?$ReflectionAllocator@VPxVec3@physx@@@shdfnd@2@@shdfnd@physx@@IEAAAEAVPxVec3@3@AEBV43@@Z 0000000180007670 f i Quantizer.obj
 0001:00006840       ?kmeansQuantize3D@QuantizerImpl@@UEAAPEBVPxVec3@physx@@IPEBV23@I_NIAEAI@Z 0000000180007840 f i Quantizer.obj
 0001:00006aa0       ?normalizeInput@QuantizerImpl@@AEAAXIPEBVPxVec3@physx@@I@Z 0000000180007aa0 f i Quantizer.obj
 0001:00006ed0       ?release@QuantizerImpl@@UEAAXXZ 0000000180007ed0 f i Quantizer.obj
 0001:00006ef0       ??$copy@V?$ReflectionAllocator@USlab@NodeAllocator@Gu@physx@@@shdfnd@physx@@@?$Array@USlab@NodeAllocator@Gu@physx@@V?$ReflectionAllocator@USlab@NodeAllocator@Gu@physx@@@shdfnd@4@@shdfnd@physx@@IEAAXAEBV012@@Z 0000000180007ef0 f i BVHStructureBuilder.obj
 0001:00006f70       ??4AABBTreeBuildNode@Gu@physx@@QEAAAEAV012@AEBV012@@Z 0000000180007f70 f i BVHStructureBuilder.obj
 0001:00006f70       ??0AABBTreeBuildNode@Gu@physx@@QEAA@AEBV012@@Z 0000000180007f70 f i BVHStructureBuilder.obj
 0001:00006fb0       ??0AABBTreeBuildParams@Gu@physx@@QEAA@IIPEBVPxBounds3@2@@Z 0000000180007fb0 f i BVHStructureBuilder.obj
 0001:00006fd0       ??0BVHStructureBuilder@physx@@QEAA@XZ 0000000180007fd0 f   BVHStructureBuilder.obj
 0001:00006ff0       ??0BuildStats@Gu@physx@@QEAA@XZ 0000000180007ff0 f i BVHStructureBuilder.obj
 0001:00007000       ??0NodeAllocator@Gu@physx@@QEAA@AEBV012@@Z 0000000180008000 f i BVHStructureBuilder.obj
 0001:00007040       ??1AABBTreeBuildParams@Gu@physx@@QEAA@XZ 0000000180008040 f i BVHStructureBuilder.obj
 0001:00007040       ?reset@AABBTreeBuildParams@Gu@physx@@QEAAXXZ 0000000180008040 f i BVHStructureBuilder.obj
 0001:000070a0       ??1BVHStructureBuilder@physx@@QEAA@XZ 00000001800080a0 f   BVHStructureBuilder.obj
 0001:00007120       ??4AABBTreeBuildParams@Gu@physx@@QEAAAEAV012@AEBV012@@Z 0000000180008120 f i BVHStructureBuilder.obj
 0001:00007140       ??4BuildStats@Gu@physx@@QEAAAEAU012@$$QEAU012@@Z 0000000180008140 f i BVHStructureBuilder.obj
 0001:00007150       ??4BuildStats@Gu@physx@@QEAAAEAU012@AEBU012@@Z 0000000180008150 f i BVHStructureBuilder.obj
 0001:00007160       ??4NodeAllocator@Gu@physx@@QEAAAEAV012@AEBV012@@Z 0000000180008160 f i BVHStructureBuilder.obj
 0001:00007210       ??_FAABBTreeBuildParams@Gu@physx@@QEAAXXZ 0000000180008210 f i BVHStructureBuilder.obj
 0001:00007230       ?__global_delete@@YAXPEAX_K@Z 0000000180008230 f i BVHStructureBuilder.obj
 0001:00007230       ??_V@YAXPEAX_K@Z           0000000180008230 f i LIBCMT:delete_array_size.obj
 0001:00007240       ?allocate@?$Array@USlab@NodeAllocator@Gu@physx@@V?$ReflectionAllocator@USlab@NodeAllocator@Gu@physx@@@shdfnd@4@@shdfnd@physx@@IEAAPEAUSlab@NodeAllocator@Gu@3@I@Z 0000000180008240 f i BVHStructureBuilder.obj
 0001:000072e0       ?getCount@BuildStats@Gu@physx@@QEBAIXZ 00000001800082e0 f i BVHStructureBuilder.obj
 0001:000072f0       ?getNbRuntimePrimitives@AABBTreeBuildNode@Gu@physx@@QEBAIXZ 00000001800082f0 f i BVHStructureBuilder.obj
 0001:000072f0       ?getNbPrimitives@AABBTreeBuildNode@Gu@physx@@QEBAIXZ 00000001800082f0 f i BVHStructureBuilder.obj
 0001:00007300       ?getNeg@AABBTreeBuildNode@Gu@physx@@QEBAPEBV123@XZ 0000000180008300 f i BVHStructureBuilder.obj
 0001:00007320       ?getPrimitives@AABBTreeBuildNode@Gu@physx@@QEAAPEAIPEAI@Z 0000000180008320 f i BVHStructureBuilder.obj
 0001:00007320       ?getPrimitives@AABBTreeBuildNode@Gu@physx@@QEBAPEBIPEBI@Z 0000000180008320 f i BVHStructureBuilder.obj
 0001:00007330       ?increaseCount@BuildStats@Gu@physx@@QEAAXI@Z 0000000180008330 f i BVHStructureBuilder.obj
 0001:00007340       ?isLeaf@AABBTreeBuildNode@Gu@physx@@QEBA_NXZ 0000000180008340 f i BVHStructureBuilder.obj
 0001:00007350       ?loadFromDesc@BVHStructureBuilder@physx@@QEAA_NAEBVPxBVHStructureDesc@2@@Z 0000000180008350 f   BVHStructureBuilder.obj
 0001:000076e0       ?moveData@BVHStructureBuilder@physx@@QEAAXAEAUBVHStructureData@Gu@2@@Z 00000001800086e0 f   BVHStructureBuilder.obj
 0001:00007720       ?recreate@?$Array@USlab@NodeAllocator@Gu@physx@@V?$ReflectionAllocator@USlab@NodeAllocator@Gu@physx@@@shdfnd@4@@shdfnd@physx@@IEAAXI@Z 0000000180008720 f i BVHStructureBuilder.obj
 0001:000077d0       ?reset@BuildStats@Gu@physx@@QEAAXXZ 00000001800087d0 f i BVHStructureBuilder.obj
 0001:000077e0       ?save@BVHStructureBuilder@physx@@QEBA_NAEAVPxOutputStream@2@_N@Z 00000001800087e0 f   BVHStructureBuilder.obj
 0001:00007960       ?setCount@BuildStats@Gu@physx@@QEAAXI@Z 0000000180008960 f i BVHStructureBuilder.obj
 0001:00007970       ?setNbRunTimePrimitives@AABBTreeBuildNode@Gu@physx@@QEAAXI@Z 0000000180008970 f i BVHStructureBuilder.obj
 0001:00007980       ?saveHeightField@physx@@YA_NAEBVHeightField@Gu@1@AEAVPxOutputStream@1@_N@Z 0000000180008980 f   HeightFieldCooking.obj
 0001:00007bc0       ??$quickSelectFirstK@UBoundsLTE@physx@@@quickSelect@physx@@YAXPEIAIIIIAEBUBoundsLTE@1@@Z 0000000180008bc0 f i RTreeCooking.obj
 0001:00007da0       ??$smallSort@I$$CBUSortBoundsPredicate@physx@@@internal@shdfnd@physx@@YAXPEAIHHAEBUSortBoundsPredicate@2@@Z 0000000180008da0 f i RTreeCooking.obj
 0001:00008070       ??$sort@IU?$Less@I@shdfnd@physx@@V?$ReflectionAllocator@I@23@@shdfnd@physx@@YAXPEAIIAEBU?$Less@I@01@AEBV?$ReflectionAllocator@I@01@I@Z 0000000180009070 f i RTreeCooking.obj
 0001:000084c0       ??$sort@IUSortBoundsPredicate@physx@@V?$ReflectionAllocator@I@shdfnd@2@@shdfnd@physx@@YAXPEAIIAEBUSortBoundsPredicate@1@AEBV?$ReflectionAllocator@I@01@I@Z 00000001800094c0 f i RTreeCooking.obj
 0001:000089c0       ?allocate@?$Array@UInterval@physx@@V?$InlineAllocator@$0CAAA@V?$ReflectionAllocator@UInterval@physx@@@shdfnd@physx@@@shdfnd@2@@shdfnd@physx@@IEAAPEAUInterval@3@I@Z 00000001800099c0 f i RTreeCooking.obj
 0001:00008a80       ?allocate@?$Array@UPxBounds3V@physx@@V?$ReflectionAllocator@UPxBounds3V@physx@@@shdfnd@2@@shdfnd@physx@@IEAAPEAUPxBounds3V@3@I@Z 0000000180009a80 f i RTreeCooking.obj
 0001:00008b20       ?allocate@?$Array@URTreeNodeNQ@physx@@V?$ReflectionAllocator@URTreeNodeNQ@physx@@@shdfnd@2@@shdfnd@physx@@IEAAPEAURTreeNodeNQ@3@I@Z 0000000180009b20 f i RTreeCooking.obj
 0001:00008bc0       ?allocate@?$Array@URTreeNodeQ@Gu@physx@@V?$ReflectionAllocator@URTreeNodeQ@Gu@physx@@@shdfnd@3@@shdfnd@physx@@IEAAPEAURTreeNodeQ@Gu@3@I@Z 0000000180009bc0 f i RTreeCooking.obj
 0001:00008c60       ?allocate@?$Array@VPxVec3@physx@@V?$ReflectionAllocator@VPxVec3@physx@@@shdfnd@2@@shdfnd@physx@@IEAAPEAVPxVec3@3@I@Z 0000000180009c60 f i RTreeCooking.obj
 0001:00008d00       ?allocate@?$ReflectionAllocator@I@shdfnd@physx@@QEAAPEAX_KPEBDH@Z 0000000180009d00 f i RTreeCooking.obj
 0001:000099d0       ?buildFromTriangles@RTreeCooker@physx@@SAXAEAURTree@Gu@2@PEBVPxVec3@2@IPEBGPEBIIAEAV?$Array@IV?$ReflectionAllocator@I@shdfnd@physx@@@shdfnd@2@PEAURemapCallback@12@MW4Enum@PxMeshCookingHint@2@@Z 000000018000a9d0 f   RTreeCooking.obj
 0001:00009c70       ?copy@?$Array@URTreeNodeNQ@physx@@V?$ReflectionAllocator@URTreeNodeNQ@physx@@@shdfnd@2@@shdfnd@physx@@KAXPEAURTreeNodeNQ@3@0PEBU43@@Z 000000018000ac70 f i RTreeCooking.obj
 0001:00009e30       ?copy@?$Array@VPxVec3@physx@@V?$ReflectionAllocator@VPxVec3@physx@@@shdfnd@2@@shdfnd@physx@@KAXPEAVPxVec3@3@0PEBV43@@Z 000000018000ae30 f i RTreeCooking.obj
 0001:00009f00       ?growAndPushBack@?$Array@IV?$ReflectionAllocator@I@shdfnd@physx@@@shdfnd@physx@@IEAAAEAIAEBI@Z 000000018000af00 f i RTreeCooking.obj
 0001:00009fd0       ?growAndPushBack@?$Array@UInterval@physx@@V?$InlineAllocator@$0CAAA@V?$ReflectionAllocator@UInterval@physx@@@shdfnd@physx@@@shdfnd@2@@shdfnd@physx@@IEAAAEAUInterval@3@AEBU43@@Z 000000018000afd0 f i RTreeCooking.obj
 0001:0000a0b0       ?growAndPushBack@?$Array@UPxBounds3V@physx@@V?$ReflectionAllocator@UPxBounds3V@physx@@@shdfnd@2@@shdfnd@physx@@IEAAAEAUPxBounds3V@3@AEBU43@@Z 000000018000b0b0 f i RTreeCooking.obj
 0001:0000a180       ?growAndPushBack@?$Array@URTreeNodeNQ@physx@@V?$ReflectionAllocator@URTreeNodeNQ@physx@@@shdfnd@2@@shdfnd@physx@@IEAAAEAURTreeNodeNQ@3@AEBU43@@Z 000000018000b180 f i RTreeCooking.obj
 0001:0000a250       ?growAndPushBack@?$Array@URTreeNodeQ@Gu@physx@@V?$ReflectionAllocator@URTreeNodeQ@Gu@physx@@@shdfnd@3@@shdfnd@physx@@IEAAAEAURTreeNodeQ@Gu@3@AEBU453@@Z 000000018000b250 f i RTreeCooking.obj
 0001:0000a330       ?recreate@?$Array@IV?$ReflectionAllocator@I@shdfnd@physx@@@shdfnd@physx@@IEAAXI@Z 000000018000b330 f i RTreeCooking.obj
 0001:0000a3f0       ?recreate@?$Array@UPxBounds3V@physx@@V?$ReflectionAllocator@UPxBounds3V@physx@@@shdfnd@2@@shdfnd@physx@@IEAAXI@Z 000000018000b3f0 f i RTreeCooking.obj
 0001:0000a4a0       ?recreate@?$Array@URTreeNodeNQ@physx@@V?$ReflectionAllocator@URTreeNodeNQ@physx@@@shdfnd@2@@shdfnd@physx@@IEAAXI@Z 000000018000b4a0 f i RTreeCooking.obj
 0001:0000a530       ?recreate@?$Array@URTreeNodeQ@Gu@physx@@V?$ReflectionAllocator@URTreeNodeQ@Gu@physx@@@shdfnd@3@@shdfnd@physx@@IEAAXI@Z 000000018000b530 f i RTreeCooking.obj
 0001:0000a5f0       ?recreate@?$Array@VPxVec3@physx@@V?$ReflectionAllocator@VPxVec3@physx@@@shdfnd@2@@shdfnd@physx@@IEAAXI@Z 000000018000b5f0 f i RTreeCooking.obj
 0001:0000a680       ?resize@?$Array@IV?$ReflectionAllocator@I@shdfnd@physx@@@shdfnd@physx@@QEAAXIAEBI@Z 000000018000b680 f i RTreeCooking.obj
 0001:0000a740       ?resizeUninitialized@?$Array@URTreeNodeNQ@physx@@V?$ReflectionAllocator@URTreeNodeNQ@physx@@@shdfnd@2@@shdfnd@physx@@QEAAXI@Z 000000018000b740 f i RTreeCooking.obj
 0001:0000a780       ?sort4@SubSortQuick@physx@@QEAAXPEIAIIAEAV?$Array@URTreeNodeNQ@physx@@V?$ReflectionAllocator@URTreeNodeNQ@physx@@@shdfnd@2@@shdfnd@2@AEAIAEAUPxBounds3V@2@I@Z 000000018000b780 f i RTreeCooking.obj
 0001:0000ab10       ?sort4@SubSortSAH@physx@@QEAAXPEAIIAEAV?$Array@URTreeNodeNQ@physx@@V?$ReflectionAllocator@URTreeNodeNQ@physx@@@shdfnd@2@@shdfnd@2@AEAIIPEAURTreeNodeNQ@2@@Z 000000018000bb10 f i RTreeCooking.obj
 0001:0000b1e0       ?split@SubSortSAH@physx@@QEAAIPEAII@Z 000000018000c1e0 f i RTreeCooking.obj
 0001:0000b910       ?computeLocalBounds@MeshBulider@physx@@IEAAXAEAVMeshDataBase@Gu@2@@Z 000000018000c910 f   MeshBuilder.obj
 0001:0000b9a0       ??$?_UG@@YAPEAX_KV?$ReflectionAllocator@G@shdfnd@physx@@PEBDH@Z 000000018000c9a0 f i TriangleMeshBuilder.obj
 0001:0000ba40       ??$sort@UEdgeTriLookup@physx@@U?$Less@UEdgeTriLookup@physx@@@shdfnd@2@V?$ReflectionAllocator@UEdgeTriLookup@physx@@@42@@shdfnd@physx@@YAXPEAUEdgeTriLookup@1@IAEBU?$Less@UEdgeTriLookup@physx@@@01@AEBV?$ReflectionAllocator@UEdgeTriLookup@physx@@@01@I@Z 000000018000ca40 f i TriangleMeshBuilder.obj
 0001:0000bfc0       ??0BV4TriangleMeshBuilder@physx@@QEAA@AEBUPxCookingParams@1@@Z 000000018000cfc0 f   TriangleMeshBuilder.obj
 0001:0000c090       ??0RTreeTriangleMeshBuilder@physx@@QEAA@AEBUPxCookingParams@1@@Z 000000018000d090 f   TriangleMeshBuilder.obj
 0001:0000c150       ??1BV4TriangleMeshBuilder@physx@@UEAA@XZ 000000018000d150 f   TriangleMeshBuilder.obj
 0001:0000c1b0       ??1MeshDataBase@Gu@physx@@UEAA@XZ 000000018000d1b0 f i TriangleMeshBuilder.obj
 0001:0000c290       ??1RTreeTriangleData@Gu@physx@@UEAA@XZ 000000018000d290 f i TriangleMeshBuilder.obj
 0001:0000c300       ??1RTreeTriangleMeshBuilder@physx@@UEAA@XZ 000000018000d300 f   TriangleMeshBuilder.obj
 0001:0000c330       ??1TriangleMeshBuilder@physx@@UEAA@XZ 000000018000d330 f   TriangleMeshBuilder.obj
 0001:0000c390       ??1TriangleMeshData@Gu@physx@@UEAA@XZ 000000018000d390 f i TriangleMeshBuilder.obj
 0001:0000c460       ??_GBV4TriangleData@Gu@physx@@UEAAPEAXI@Z 000000018000d460 f i TriangleMeshBuilder.obj
 0001:0000c460       ??_EBV4TriangleData@Gu@physx@@UEAAPEAXI@Z 000000018000d460 f i TriangleMeshBuilder.obj
 0001:0000c4e0       ??_GBV4TriangleMeshBuilder@physx@@UEAAPEAXI@Z 000000018000d4e0 f i TriangleMeshBuilder.obj
 0001:0000c4e0       ??_EBV4TriangleMeshBuilder@physx@@UEAAPEAXI@Z 000000018000d4e0 f i TriangleMeshBuilder.obj
 0001:0000c560       ??_EMeshDataBase@Gu@physx@@UEAAPEAXI@Z 000000018000d560 f i TriangleMeshBuilder.obj
 0001:0000c560       ??_GMeshDataBase@Gu@physx@@UEAAPEAXI@Z 000000018000d560 f i TriangleMeshBuilder.obj
 0001:0000c5c0       ??_ERTreeCookerRemap@physx@@UEAAPEAXI@Z 000000018000d5c0 f i TriangleMeshBuilder.obj
 0001:0000c5c0       ??_GRTreeCookerRemap@physx@@UEAAPEAXI@Z 000000018000d5c0 f i TriangleMeshBuilder.obj
 0001:0000c5f0       ??_GRTreeTriangleData@Gu@physx@@UEAAPEAXI@Z 000000018000d5f0 f i TriangleMeshBuilder.obj
 0001:0000c5f0       ??_ERTreeTriangleData@Gu@physx@@UEAAPEAXI@Z 000000018000d5f0 f i TriangleMeshBuilder.obj
 0001:0000c650       ??_GRTreeTriangleMeshBuilder@physx@@UEAAPEAXI@Z 000000018000d650 f i TriangleMeshBuilder.obj
 0001:0000c650       ??_ERTreeTriangleMeshBuilder@physx@@UEAAPEAXI@Z 000000018000d650 f i TriangleMeshBuilder.obj
 0001:0000c6a0       ??_ERemapCallback@RTreeCooker@physx@@UEAAPEAXI@Z 000000018000d6a0 f i TriangleMeshBuilder.obj
 0001:0000c6a0       ??_GRemapCallback@RTreeCooker@physx@@UEAAPEAXI@Z 000000018000d6a0 f i TriangleMeshBuilder.obj
 0001:0000c6d0       ??_GTriangleMeshBuilder@physx@@UEAAPEAXI@Z 000000018000d6d0 f i TriangleMeshBuilder.obj
 0001:0000c6d0       ??_ETriangleMeshBuilder@physx@@UEAAPEAXI@Z 000000018000d6d0 f i TriangleMeshBuilder.obj
 0001:0000c710       ??_ETriangleMeshData@Gu@physx@@UEAAPEAXI@Z 000000018000d710 f i TriangleMeshBuilder.obj
 0001:0000c710       ??_GTriangleMeshData@Gu@physx@@UEAAPEAXI@Z 000000018000d710 f i TriangleMeshBuilder.obj
 0001:0000c770       ?allocateTriangles@TriangleMeshData@Gu@physx@@QEAAPEAXI_NI@Z 000000018000d770 f i TriangleMeshBuilder.obj
 0001:0000c850       ?allocateVertices@MeshDataBase@Gu@physx@@QEAAPEAVPxVec3@3@I@Z 000000018000d850 f i TriangleMeshBuilder.obj
 0001:0000cd90       ?checkMeshIndicesSize@TriangleMeshBuilder@physx@@QEAAXXZ 000000018000dd90 f   TriangleMeshBuilder.obj
 0001:0000cea0       ?cleanMesh@TriangleMeshBuilder@physx@@QEAA_N_NPEAW4Enum@PxTriangleMeshCookingResult@2@@Z 000000018000dea0 f   TriangleMeshBuilder.obj
 0001:0000d390       ?createGRBMidPhaseAndData@TriangleMeshBuilder@physx@@QEAAXI@Z 000000018000e390 f   TriangleMeshBuilder.obj
 0001:0000d610       ?createMidPhaseStructure@BV32TriangleMeshBuilder@physx@@SAXAEBUPxCookingParams@2@AEAVTriangleMeshData@Gu@2@AEAVBV32Tree@52@@Z 000000018000e610 f   TriangleMeshBuilder.obj
 0001:0000d7e0       ?createMidPhaseStructure@BV4TriangleMeshBuilder@physx@@UEAAXXZ 000000018000e7e0 f   TriangleMeshBuilder.obj
 0001:0000daa0       ?createMidPhaseStructure@RTreeTriangleMeshBuilder@physx@@UEAAXXZ 000000018000eaa0 f   TriangleMeshBuilder.obj
 0001:0000db80       ?createSharedEdgeData@TriangleMeshBuilder@physx@@QEAAX_N0@Z 000000018000eb80 f   TriangleMeshBuilder.obj
 0001:0000e230       ?getMidphaseID@BV4TriangleMeshBuilder@physx@@UEBA?AW4Enum@PxMeshMidPhase@2@XZ 000000018000f230 f i TriangleMeshBuilder.obj
 0001:0000e230       ?raw_length@charNode@@UEBAHXZ 000000018000f230 f i libvcruntime:undname.obj
 0001:0000e230       DllMain                    000000018000f230 f i LIBCMT:dll_dllmain_stub.obj
 0001:0000e230       _get_startup_argv_mode     000000018000f230 f i LIBCMT:argv_mode.obj
 0001:0000e230       ?length@charNode@@UEBAHXZ  000000018000f230 f i libvcruntime:undname.obj
 0001:0000e240       ?getMidphaseID@RTreeTriangleMeshBuilder@physx@@UEBA?AW4Enum@PxMeshMidPhase@2@XZ 000000018000f240 f i TriangleMeshBuilder.obj
 0001:0000e250       ?importMesh@TriangleMeshBuilder@physx@@IEAA_NAEBVPxTriangleMeshDesc@2@AEBUPxCookingParams@2@PEAW4Enum@PxTriangleMeshCookingResult@2@_N@Z 000000018000f250 f   TriangleMeshBuilder.obj
 0001:0000e5d0       ?loadFromDesc@TriangleMeshBuilder@physx@@QEAA_NAEBVPxTriangleMeshDesc@2@PEAW4Enum@PxTriangleMeshCookingResult@2@_N@Z 000000018000f5d0 f   TriangleMeshBuilder.obj
 0001:0000ea50       ?onMeshIndexFormatChange@BV4TriangleMeshBuilder@physx@@UEAAXXZ 000000018000fa50 f   TriangleMeshBuilder.obj
 0001:0000ea90       ?remap@RTreeCookerRemap@physx@@UEAAXPEAIII@Z 000000018000fa90 f i TriangleMeshBuilder.obj
 0001:0000eab0       ?remapTopology@TriangleMeshBuilder@physx@@QEAAXPEBI@Z 000000018000fab0 f   TriangleMeshBuilder.obj
 0001:0000edb0       ?save@TriangleMeshBuilder@physx@@QEBA_NAEAVPxOutputStream@2@_NAEBUPxCookingParams@2@@Z 000000018000fdb0 f   TriangleMeshBuilder.obj
 0001:0000f390       ?saveMidPhaseStructure@BV4TriangleMeshBuilder@physx@@UEBAXAEAVPxOutputStream@2@_N@Z 0000000180010390 f   TriangleMeshBuilder.obj
 0001:0000f530       ?saveMidPhaseStructure@RTreeTriangleMeshBuilder@physx@@UEBAXAEAVPxOutputStream@2@_N@Z 0000000180010530 f   TriangleMeshBuilder.obj
 0001:0000f770       ??0BigConvexDataBuilder@physx@@QEAA@PEBUConvexHullData@Gu@1@PEAVBigConvexData@1@PEBVPxVec3@1@@Z 0000000180010770 f   BigConvexDataBuilder.obj
 0001:0000f780       ??4BigConvexData@physx@@QEAAAEAV01@AEBV01@@Z 0000000180010780 f i BigConvexDataBuilder.obj
 0001:0000f7a0       ?GetAdjacentVerts@BigConvexData@physx@@QEBAPEBEXZ 00000001800107a0 f i BigConvexDataBuilder.obj
 0001:0000f7b0       ?GetValency@BigConvexData@physx@@QEBAGI@Z 00000001800107b0 f i BigConvexDataBuilder.obj
 0001:0000f7b0       ?GetNbNeighbors@BigConvexData@physx@@QEBAGI@Z 00000001800107b0 f i BigConvexDataBuilder.obj
 0001:0000f7c0       ?GetNbSamples@BigConvexData@physx@@QEBAIXZ 00000001800107c0 f i BigConvexDataBuilder.obj
 0001:0000f7d0       ?GetNbVerts@BigConvexData@physx@@QEBAIXZ 00000001800107d0 f i BigConvexDataBuilder.obj
 0001:0000f7d0       ?length@pcharNode@@UEBAHXZ 00000001800107d0 f i libvcruntime:undname.obj
 0001:0000f7d0       ?raw_length@pcharNode@@UEBAHXZ 00000001800107d0 f i libvcruntime:undname.obj
 0001:0000f7e0       ?GetNeighbors@BigConvexData@physx@@QEBAPEBEI@Z 00000001800107e0 f i BigConvexDataBuilder.obj
 0001:0000f7f0       ?GetOffset@BigConvexData@physx@@QEBAGI@Z 00000001800107f0 f i BigConvexDataBuilder.obj
 0001:0000f800       ?GetSubdiv@BigConvexData@physx@@QEBAIXZ 0000000180010800 f i BigConvexDataBuilder.obj
 0001:0000f810       ?computeValencies@BigConvexDataBuilder@physx@@QEAA_NAEBVConvexHullBuilder@2@@Z 0000000180010810 f   BigConvexDataBuilder.obj
 0001:0000fc00       ?precompute@BigConvexDataBuilder@physx@@QEAA_NI@Z 0000000180010c00 f   BigConvexDataBuilder.obj
 0001:00010840       ?save@BigConvexDataBuilder@physx@@QEBA_NAEAVPxOutputStream@2@_N@Z 0000000180011840 f   BigConvexDataBuilder.obj
 0001:00010a80       ??$?_UE@@YAPEAX_KV?$ReflectionAllocator@E@shdfnd@physx@@PEBDH@Z 0000000180011a80 f i ConvexHullBuilder.obj
 0001:00010b20       ??0ConvexHullBuilder@physx@@QEAA@PEAUConvexHullData@Gu@1@_N@Z 0000000180011b20 f   ConvexHullBuilder.obj
 0001:00010b50       ??1ConvexHullBuilder@physx@@QEAA@XZ 0000000180011b50 f   ConvexHullBuilder.obj
 0001:00010c50       ?calculateVertexMapTable@ConvexHullBuilder@physx@@QEAA_NI_N@Z 0000000180011c50 f   ConvexHullBuilder.obj
 0001:00010e60       ?checkHullPolygons@ConvexHullBuilder@physx@@QEBA_NXZ 0000000180011e60 f   ConvexHullBuilder.obj
 0001:00011440       ?computeGeomCenter@ConvexHullBuilder@physx@@IEBA_NAEAVPxVec3@2@IPEAUHullTriangleData@2@@Z 0000000180012440 f   ConvexHullBuilder.obj
 0001:00011700       ?copy@ConvexHullBuilder@physx@@QEAA_NAEAUConvexHullData@Gu@2@AEAI@Z 0000000180012700 f   ConvexHullBuilder.obj
 0001:00011980       ?createEdgeList@ConvexHullBuilder@physx@@QEAA_N_NI@Z 0000000180012980 f   ConvexHullBuilder.obj
 0001:000121f0       ?init@ConvexHullBuilder@physx@@QEAA_NIPEBVPxVec3@2@PEBIIIPEBUPxHullPolygon@2@_NPEAVConvexHullLib@2@@Z 00000001800131f0 f   ConvexHullBuilder.obj
 0001:00012b50       ?save@ConvexHullBuilder@physx@@QEBA_NAEAVPxOutputStream@2@_N@Z 0000000180013b50 f   ConvexHullBuilder.obj
 0001:00012e70       ??1ConvexHullLib@physx@@UEAA@XZ 0000000180013e70 f   ConvexHullLib.obj
 0001:00012ed0       ??_EConvexHullLib@physx@@UEAAPEAXI@Z 0000000180013ed0 f i ConvexHullLib.obj
 0001:00012ed0       ??_GConvexHullLib@physx@@UEAAPEAXI@Z 0000000180013ed0 f i ConvexHullLib.obj
 0001:00013440       ?cleanupVertices@ConvexHullLib@physx@@IEAA_NIPEBVPxVec3@2@IAEAIPEAV32@AEAV32@3@Z 0000000180014440 f   ConvexHullLib.obj
 0001:000138c0       ?shiftAndcleanupVertices@ConvexHullLib@physx@@IEAA_NIPEBVPxVec3@2@IAEAIPEAV32@AEAV32@3@Z 00000001800148c0 f   ConvexHullLib.obj
 0001:00013da0       ?shiftConvexMeshDesc@ConvexHullLib@physx@@IEAAXAEAVPxConvexMeshDesc@2@@Z 0000000180014da0 f   ConvexHullLib.obj
 0001:00013e60       ?swapLargestFace@ConvexHullLib@physx@@IEAAXAEAVPxConvexMeshDesc@2@@Z 0000000180014e60 f   ConvexHullLib.obj
 0001:00014050       ??0Box@Gu@physx@@QEAA@AEBV012@@Z 0000000180015050 f i ConvexHullUtils.obj
 0001:00014050       ??4Box@Gu@physx@@QEAAAEBV012@AEBV012@@Z 0000000180015050 f i ConvexHullUtils.obj
 0001:000140b0       ??0Box@Gu@physx@@QEAA@AEBVPxVec3@2@0AEBVPxMat33@2@@Z 00000001800150b0 f i ConvexHullUtils.obj
 0001:00014120       ??0ConvexHull@physx@@QEAA@AEBVPxVec3@1@AEBVPxTransform@1@AEBV?$Array@VPxPlane@physx@@V?$ReflectionAllocator@VPxPlane@physx@@@shdfnd@2@@shdfnd@1@@Z 0000000180015120 f   ConvexHullUtils.obj
 0001:00015280       ??0PxQuat@physx@@QEAA@AEBVPxMat33@1@@Z 0000000180016280 f i ConvexHullUtils.obj
 0001:00015460       ?allocate@?$Array@VHalfEdge@ConvexHull@physx@@V?$ReflectionAllocator@VHalfEdge@ConvexHull@physx@@@shdfnd@3@@shdfnd@physx@@IEAAPEAVHalfEdge@ConvexHull@3@I@Z 0000000180016460 f i ConvexHullUtils.obj
 0001:00015500       ?allocate@?$Array@VPxPlane@physx@@V?$ReflectionAllocator@VPxPlane@physx@@@shdfnd@2@@shdfnd@physx@@IEAAPEAVPxPlane@3@I@Z 0000000180016500 f i ConvexHullUtils.obj
 0001:000155a0       ?assertIntact@ConvexHull@physx@@QEBA_NM@Z 00000001800165a0 f   ConvexHullUtils.obj
 0001:000158b0       ?computeAABBExtent@Box@Gu@physx@@QEBA?AVPxVec3@3@XZ 00000001800168b0 f i ConvexHullUtils.obj
 0001:00015970       ?computeBoxPoints@Box@Gu@physx@@QEBAXPEIAVPxVec3@3@@Z 0000000180016970 f i ConvexHullUtils.obj
 0001:000159b0       ?computeOBBFromConvex@physx@@YA_NAEBVPxConvexMeshDesc@1@AEAVPxVec3@1@AEAVPxTransform@1@@Z 00000001800169b0 f   ConvexHullUtils.obj
 0001:00016240       ?convexHullCrop@physx@@YAPEAVConvexHull@1@AEBV21@AEBVPxPlane@1@M@Z 0000000180017240 f   ConvexHullUtils.obj
 0001:00017020       ?copy@?$Array@VPxPlane@physx@@V?$ReflectionAllocator@VPxPlane@physx@@@shdfnd@2@@shdfnd@physx@@KAXPEAVPxPlane@3@0PEBV43@@Z 0000000180018020 f i ConvexHullUtils.obj
 0001:00017120       ?findCandidatePlane@ConvexHull@physx@@QEBAHMM@Z 0000000180018120 f   ConvexHullUtils.obj
 0001:00017590       ?getInverse@PxMat33@physx@@QEBA?BV12@XZ 0000000180018590 f i ConvexHullUtils.obj
 0001:000177e0       ?getTransform@Box@Gu@physx@@QEBA?AVPxTransform@3@XZ 00000001800187e0 f i ConvexHullUtils.obj
 0001:00017840       ?growAndPushBack@?$Array@VHalfEdge@ConvexHull@physx@@V?$ReflectionAllocator@VHalfEdge@ConvexHull@physx@@@shdfnd@3@@shdfnd@physx@@IEAAAEAVHalfEdge@ConvexHull@3@AEBV453@@Z 0000000180018840 f i ConvexHullUtils.obj
 0001:00017900       ?growAndPushBack@?$Array@VPxPlane@physx@@V?$ReflectionAllocator@VPxPlane@physx@@@shdfnd@2@@shdfnd@physx@@IEAAAEAVPxPlane@3@AEBV43@@Z 0000000180018900 f i ConvexHullUtils.obj
 0001:000179c0       ?isValid@Box@Gu@physx@@QEBA_NXZ 00000001800189c0 f i ConvexHullUtils.obj
 0001:000179e0       ?maxNumVertsPerFace@ConvexHull@physx@@QEBAIXZ 00000001800189e0 f   ConvexHullUtils.obj
 0001:00017a50       ?recreate@?$Array@VHalfEdge@ConvexHull@physx@@V?$ReflectionAllocator@VHalfEdge@ConvexHull@physx@@@shdfnd@3@@shdfnd@physx@@IEAAXI@Z 0000000180018a50 f i ConvexHullUtils.obj
 0001:00017af0       ?recreate@?$Array@VPxPlane@physx@@V?$ReflectionAllocator@VPxPlane@physx@@@shdfnd@2@@shdfnd@physx@@IEAAXI@Z 0000000180018af0 f i ConvexHullUtils.obj
 0001:00017b80       ?resize@?$Array@VHalfEdge@ConvexHull@physx@@V?$ReflectionAllocator@VHalfEdge@ConvexHull@physx@@@shdfnd@3@@shdfnd@physx@@QEAAXIAEBVHalfEdge@ConvexHull@3@@Z 0000000180018b80 f i ConvexHullUtils.obj
 0001:00017c40       ?resize@?$Array@VPxPlane@physx@@V?$ReflectionAllocator@VPxPlane@physx@@@shdfnd@2@@shdfnd@physx@@QEAAXIAEBVPxPlane@3@@Z 0000000180018c40 f i ConvexHullUtils.obj
 0001:00017d60       ?resize@?$Array@VPxVec3@physx@@V?$ReflectionAllocator@VPxVec3@physx@@@shdfnd@2@@shdfnd@physx@@QEAAXIAEBVPxVec3@3@@Z 0000000180018d60 f i ConvexHullUtils.obj
 0001:00017e50       ?rotate@Box@Gu@physx@@QEBA?AVPxVec3@3@AEBV43@@Z 0000000180018e50 f i ConvexHullUtils.obj
 0001:00017ee0       ?rotateInv@Box@Gu@physx@@QEBA?AVPxVec3@3@AEBV43@@Z 0000000180018ee0 f i ConvexHullUtils.obj
 0001:00017f70       ?setAxes@Box@Gu@physx@@QEAAXAEBVPxVec3@3@00@Z 0000000180018f70 f i ConvexHullUtils.obj
 0001:00017fb0       ?setEmpty@Box@Gu@physx@@QEAAXXZ 0000000180018fb0 f i ConvexHullUtils.obj
 0001:00017ff0       ?transform@Box@Gu@physx@@QEBA?AVPxVec3@3@AEBV43@@Z 0000000180018ff0 f i ConvexHullUtils.obj
 0001:00018090       ??0ConvexMeshBuilder@physx@@QEAA@_N@Z 0000000180019090 f   ConvexMeshBuilder.obj
 0001:000180f0       ??1ConvexMeshBuilder@physx@@QEAA@XZ 00000001800190f0 f   ConvexMeshBuilder.obj
 0001:00018540       ?build@ConvexMeshBuilder@physx@@QEAA_NAEBVPxConvexMeshDesc@2@I_NPEAVConvexHullLib@2@@Z 0000000180019540 f   ConvexMeshBuilder.obj
 0001:00018850       ?computeHullPolygons@ConvexMeshBuilder@physx@@QEAA_NAEBIPEBVPxVec3@2@0PEBIAEAVPxAllocatorCallback@2@AEAIAEAPEAV32@4AEAPEAI4AEAPEAUPxHullPolygon@2@@Z 0000000180019850 f   ConvexMeshBuilder.obj
 0001:00018a70       ?computeMassInfo@ConvexMeshBuilder@physx@@QEAAX_N@Z 0000000180019a70 f   ConvexMeshBuilder.obj
 0001:00018e40       ?copy@ConvexMeshBuilder@physx@@QEAA_NAEAUConvexHullInitData@Gu@2@@Z 0000000180019e40 f   ConvexMeshBuilder.obj
 0001:00018f60       ?isFinite@PxVec3@physx@@QEBA_NXZ 0000000180019f60 f i ConvexMeshBuilder.obj
 0001:00018fc0       ?loadConvexHull@ConvexMeshBuilder@physx@@QEAA_NAEBVPxConvexMeshDesc@2@PEAVConvexHullLib@2@@Z 0000000180019fc0 f   ConvexMeshBuilder.obj
 0001:00019240       ?save@ConvexMeshBuilder@physx@@QEBA_NAEAVPxOutputStream@2@_N@Z 000000018001a240 f   ConvexMeshBuilder.obj
 0001:00019450       ??$copy@V?$ReflectionAllocator@VPair@@@shdfnd@physx@@@?$Array@VPair@@V?$ReflectionAllocator@VPair@@@shdfnd@physx@@@shdfnd@physx@@IEAAXAEBV012@@Z 000000018001a450 f i ConvexPolygonsBuilder.obj
 0001:000194d0       ??0ConvexPolygonsBuilder@physx@@QEAA@PEAUConvexHullData@Gu@1@_N@Z 000000018001a4d0 f   ConvexPolygonsBuilder.obj
 0001:000194f0       ??1ConvexPolygonsBuilder@physx@@QEAA@XZ 000000018001a4f0 f   ConvexPolygonsBuilder.obj
 0001:00019d40       ?allocate@?$Array@VPair@@V?$ReflectionAllocator@VPair@@@shdfnd@physx@@@shdfnd@physx@@IEAAPEAVPair@@I@Z 000000018001ad40 f i ConvexPolygonsBuilder.obj
 0001:0001a560       ?computeHullPolygons@ConvexPolygonsBuilder@physx@@QEAA_NAEBIPEBVPxVec3@2@0PEBI@Z 000000018001b560 f   ConvexPolygonsBuilder.obj
 0001:0001b600       ?createPolygonData@ConvexPolygonsBuilder@physx@@AEAA_NXZ 000000018001c600 f   ConvexPolygonsBuilder.obj
 0001:0001c1e0       ?createTrianglesFromPolygons@ConvexPolygonsBuilder@physx@@AEAA_NXZ 000000018001d1e0 f   ConvexPolygonsBuilder.obj
 0001:0001d860       ?growAndPushBack@?$Array@VPair@@V?$ReflectionAllocator@VPair@@@shdfnd@physx@@@shdfnd@physx@@IEAAAEAVPair@@AEBV4@@Z 000000018001e860 f i ConvexPolygonsBuilder.obj
 0001:0001d920       ??0QuickHull@local@@QEAA@AEBUPxCookingParams@physx@@AEBVPxConvexMeshDesc@3@@Z 000000018001e920 f   QuickHullConvexHullLib.obj
 0001:0001d9d0       ??0QuickHullConvexHullLib@physx@@QEAA@AEBVPxConvexMeshDesc@1@AEBUPxCookingParams@1@@Z 000000018001e9d0 f   QuickHullConvexHullLib.obj
 0001:0001dac0       ??1?$MemBlock@UQuickHullFace@local@@$00@local@@QEAA@XZ 000000018001eac0 f i QuickHullConvexHullLib.obj
 0001:0001dac0       ??1?$MemBlock@UQuickHullHalfEdge@local@@$0A@@local@@QEAA@XZ 000000018001eac0 f i QuickHullConvexHullLib.obj
 0001:0001db50       ??1QuickHull@local@@QEAA@XZ 000000018001eb50 f   QuickHullConvexHullLib.obj
 0001:0001dc90       ??_GConvexHull@physx@@QEAAPEAXI@Z 000000018001ec90 f i QuickHullConvexHullLib.obj
 0001:0001dd70       ??_GQuickHullConvexHullLib@physx@@UEAAPEAXI@Z 000000018001ed70 f i QuickHullConvexHullLib.obj
 0001:0001dd70       ??_EQuickHullConvexHullLib@physx@@UEAAPEAXI@Z 000000018001ed70 f i QuickHullConvexHullLib.obj
 0001:0001de70       ?addPointToHull@QuickHull@local@@IEAA_NPEBUQuickHullVertex@2@AEAUQuickHullFace@2@AEA_N@Z 000000018001ee70 f   QuickHullConvexHullLib.obj
 0001:0001e140       ?addSimplex@QuickHull@local@@IEAAXPEAUQuickHullVertex@2@_N@Z 000000018001f140 f   QuickHullConvexHullLib.obj
 0001:0001e610       ?allocate@?$Array@PEAUQuickHullFace@local@@V?$ReflectionAllocator@PEAUQuickHullFace@local@@@shdfnd@physx@@@shdfnd@physx@@IEAAPEAPEAUQuickHullFace@local@@I@Z 000000018001f610 f i QuickHullConvexHullLib.obj
 0001:0001e6b0       ?allocate@?$Array@PEAUQuickHullHalfEdge@local@@V?$ReflectionAllocator@PEAUQuickHullHalfEdge@local@@@shdfnd@physx@@@shdfnd@physx@@IEAAPEAPEAUQuickHullHalfEdge@local@@I@Z 000000018001f6b0 f i QuickHullConvexHullLib.obj
 0001:0001e750       ?allocate@?$Array@PEAUQuickHullVertex@local@@V?$ReflectionAllocator@PEAUQuickHullVertex@local@@@shdfnd@physx@@@shdfnd@physx@@IEAAPEAPEAUQuickHullVertex@local@@I@Z 000000018001f750 f i QuickHullConvexHullLib.obj
 0001:0001e7f0       ?allocate@?$Array@UExpandPoint@local@@V?$ReflectionAllocator@UExpandPoint@local@@@shdfnd@physx@@@shdfnd@physx@@IEAAPEAUExpandPoint@local@@I@Z 000000018001f7f0 f i QuickHullConvexHullLib.obj
 0001:0001e890       ?buildHull@QuickHull@local@@QEAA?AW4Enum@QuickHullResult@2@XZ 000000018001f890 f   QuickHullConvexHullLib.obj
 0001:0001eaa0       ?calculateHorizon@QuickHull@local@@IEAAXAEBVPxVec3@physx@@PEAUQuickHullHalfEdge@2@AEAUQuickHullFace@2@AEAV?$Array@PEAUQuickHullHalfEdge@local@@V?$ReflectionAllocator@PEAUQuickHullHalfEdge@local@@@shdfnd@physx@@@shdfnd@4@AEAV?$Array@PEAUQuickHullFace@local@@V?$ReflectionAllocator@PEAUQuickHullFace@local@@@shdfnd@physx@@@84@@Z 000000018001faa0 f   QuickHullConvexHullLib.obj
 0001:0001ec50       ?canMergeFaces@QuickHull@local@@IEAA_NAEBUQuickHullHalfEdge@2@@Z 000000018001fc50 f   QuickHullConvexHullLib.obj
 0001:0001f480       ?cleanupForSimplex@QuickHullConvexHullLib@physx@@IEAA_NPEAVPxVec3@2@IPEAUQuickHullVertex@local@@1AEAM2@Z 0000000180020480 f   QuickHullConvexHullLib.obj
 0001:00020050       ?computeMinMaxVerts@QuickHull@local@@IEAAXXZ 0000000180021050 f   QuickHullConvexHullLib.obj
 0001:00020420       ?connectHalfEdges@QuickHullFace@local@@AEAAPEAU12@PEAUQuickHullHalfEdge@2@0@Z 0000000180021420 f   QuickHullConvexHullLib.obj
 0001:00020780       ?copy@?$Array@UExpandPoint@local@@V?$ReflectionAllocator@UExpandPoint@local@@@shdfnd@physx@@@shdfnd@physx@@KAXPEAUExpandPoint@local@@0PEBU45@@Z 0000000180021780 f i QuickHullConvexHullLib.obj
 0001:00020830       ?createConvexHull@QuickHullConvexHullLib@physx@@UEAA?AW4Enum@PxConvexMeshCookingResult@2@XZ 0000000180021830 f   QuickHullConvexHullLib.obj
 0001:00020c30       ?createEdgeList@QuickHullConvexHullLib@physx@@UEAA_NIPEBEPEAPEAEPEAPEAG2@Z 0000000180021c30 f   QuickHullConvexHullLib.obj
 0001:00020e60       ?createTriangle@QuickHull@local@@IEAAPEAUQuickHullFace@2@AEBUQuickHullVertex@2@00@Z 0000000180021e60 f   QuickHullConvexHullLib.obj
 0001:000211f0       ?doAdjacentMerge@QuickHull@local@@IEAA_NAEAUQuickHullFace@2@_NAEA_N@Z 00000001800221f0 f   QuickHullConvexHullLib.obj
 0001:00021530       ?expandHull@QuickHullConvexHullLib@physx@@IEAA?AW4Enum@PxConvexMeshCookingResult@2@XZ 0000000180022530 f   QuickHullConvexHullLib.obj
 0001:00022200       ?expandHullOBB@QuickHullConvexHullLib@physx@@IEAA?AW4Enum@PxConvexMeshCookingResult@2@XZ 0000000180023200 f   QuickHullConvexHullLib.obj
 0001:00022620       ?fillConvexMeshDesc@QuickHullConvexHullLib@physx@@UEAAXAEAVPxConvexMeshDesc@2@@Z 0000000180023620 f   QuickHullConvexHullLib.obj
 0001:00022670       ?fillConvexMeshDescFromCroppedHull@QuickHullConvexHullLib@physx@@IEAAXAEAVPxConvexMeshDesc@2@@Z 0000000180023670 f   QuickHullConvexHullLib.obj
 0001:00022870       ?fillConvexMeshDescFromQuickHull@QuickHullConvexHullLib@physx@@IEAAXAEAVPxConvexMeshDesc@2@@Z 0000000180023870 f   QuickHullConvexHullLib.obj
 0001:00022c00       ?findSimplex@QuickHull@local@@IEAA_NXZ 0000000180023c00 f   QuickHullConvexHullLib.obj
 0001:000238b0       ?getFreeItem@?$MemBlock@UQuickHullFace@local@@$00@local@@QEAAPEAUQuickHullFace@2@XZ 00000001800248b0 f i QuickHullConvexHullLib.obj
 0001:000239e0       ?getFreeItem@?$MemBlock@UQuickHullHalfEdge@local@@$0A@@local@@QEAAPEAUQuickHullHalfEdge@2@XZ 00000001800249e0 f i QuickHullConvexHullLib.obj
 0001:00023ab0       ?growAndPushBack@?$Array@PEAUQuickHullFace@local@@V?$ReflectionAllocator@PEAUQuickHullFace@local@@@shdfnd@physx@@@shdfnd@physx@@IEAAAEAPEAUQuickHullFace@local@@AEBQEAU45@@Z 0000000180024ab0 f i QuickHullConvexHullLib.obj
 0001:00023b70       ?growAndPushBack@?$Array@PEAUQuickHullHalfEdge@local@@V?$ReflectionAllocator@PEAUQuickHullHalfEdge@local@@@shdfnd@physx@@@shdfnd@physx@@IEAAAEAPEAUQuickHullHalfEdge@local@@AEBQEAU45@@Z 0000000180024b70 f i QuickHullConvexHullLib.obj
 0001:00023c30       ?growAndPushBack@?$Array@PEAUQuickHullVertex@local@@V?$ReflectionAllocator@PEAUQuickHullVertex@local@@@shdfnd@physx@@@shdfnd@physx@@IEAAAEAPEAUQuickHullVertex@local@@AEBQEAU45@@Z 0000000180024c30 f i QuickHullConvexHullLib.obj
 0001:00023cf0       ?growAndPushBack@?$Array@UExpandPoint@local@@V?$ReflectionAllocator@UExpandPoint@local@@@shdfnd@physx@@@shdfnd@physx@@IEAAAEAUExpandPoint@local@@AEBU45@@Z 0000000180024cf0 f i QuickHullConvexHullLib.obj
 0001:00023df0       ?init@?$MemBlock@UQuickHullFace@local@@$00@local@@QEAAXI@Z 0000000180024df0 f i QuickHullConvexHullLib.obj
 0001:00023ef0       ?init@?$MemBlock@UQuickHullHalfEdge@local@@$0A@@local@@QEAAXI@Z 0000000180024ef0 f i QuickHullConvexHullLib.obj
 0001:00023f90       ?mergeAdjacentFace@QuickHullFace@local@@QEAA_NPEAUQuickHullHalfEdge@2@AEAV?$Array@PEAUQuickHullFace@local@@V?$ReflectionAllocator@PEAUQuickHullFace@local@@@shdfnd@physx@@@shdfnd@physx@@@Z 0000000180024f90 f   QuickHullConvexHullLib.obj
 0001:000243e0       ?nextPointToAdd@QuickHull@local@@IEAAPEAUQuickHullVertex@2@AEAPEAUQuickHullFace@2@@Z 00000001800253e0 f   QuickHullConvexHullLib.obj
 0001:00024560       ?parseInputVertices@QuickHull@local@@QEAAXPEBVPxVec3@physx@@I@Z 0000000180025560 f   QuickHullConvexHullLib.obj
 0001:000246f0       ?postMergeHull@QuickHull@local@@IEAAXXZ 00000001800256f0 f   QuickHullConvexHullLib.obj
 0001:00024940       ?preallocate@QuickHull@local@@QEAAXI@Z 0000000180025940 f   QuickHullConvexHullLib.obj
 0001:00024a80       ?recreate@?$Array@PEAUQuickHullFace@local@@V?$ReflectionAllocator@PEAUQuickHullFace@local@@@shdfnd@physx@@@shdfnd@physx@@IEAAXI@Z 0000000180025a80 f i QuickHullConvexHullLib.obj
 0001:00024b20       ?recreate@?$Array@PEAUQuickHullHalfEdge@local@@V?$ReflectionAllocator@PEAUQuickHullHalfEdge@local@@@shdfnd@physx@@@shdfnd@physx@@IEAAXI@Z 0000000180025b20 f i QuickHullConvexHullLib.obj
 0001:00024bc0       ?recreate@?$Array@PEAUQuickHullVertex@local@@V?$ReflectionAllocator@PEAUQuickHullVertex@local@@@shdfnd@physx@@@shdfnd@physx@@IEAAXI@Z 0000000180025bc0 f i QuickHullConvexHullLib.obj
 0001:00024c60       ?recreate@?$Array@UExpandPoint@local@@V?$ReflectionAllocator@UExpandPoint@local@@@shdfnd@physx@@@shdfnd@physx@@IEAAXI@Z 0000000180025c60 f i QuickHullConvexHullLib.obj
 0001:00024cf0       ?resolveUnclaimedPoints@QuickHull@local@@IEAAXAEBV?$Array@PEAUQuickHullFace@local@@V?$ReflectionAllocator@PEAUQuickHullFace@local@@@shdfnd@physx@@@shdfnd@physx@@@Z 0000000180025cf0 f   QuickHullConvexHullLib.obj
 0001:000259f0       ?computeVolumeIntegralsEberly@physx@@YA_NAEBVPxConvexMeshDesc@1@MAEAUPxIntegrals@1@AEBVPxVec3@1@@Z 00000001800269f0 f   VolumeIntegration.obj
 0001:00025a30       ?computeVolumeIntegralsEberlySIMD@physx@@YA_NAEBVPxConvexMeshDesc@1@MAEAUPxIntegrals@1@AEBVPxVec3@1@@Z 0000000180026a30 f   VolumeIntegration.obj
 0001:00026070       ?cookingDelayHook@@YAP6A_JXZIPEAUDelayLoadInfo@@@Z 0000000180027070 f   WindowsCookingDelayLoadHook.obj
 0001:00026150       PxSetPhysXCookingDelayLoadHook 0000000180027150 f   WindowsCookingDelayLoadHook.obj
 0001:00026158       __imp_load_??0RadixSortBuffered@Cm@physx@@QEAA@XZ 0000000180027158 f   PhysXCommon_64:PhysXCommon_64.dll
 0001:00026164       ??0RadixSortBuffered@Cm@physx@@QEAA@XZ 0000000180027164 f   PhysXCommon_64:PhysXCommon_64.dll
 0001:0002616a       __tailMerge_physxcommon_64_dll 000000018002716a     PhysXCommon_64:PhysXCommon_64.dll
 0001:000261e3       __imp_load_??1RadixSortBuffered@Cm@physx@@UEAA@XZ 00000001800271e3 f   PhysXCommon_64:PhysXCommon_64.dll
 0001:000261ef       ??1RadixSortBuffered@Cm@physx@@UEAA@XZ 00000001800271ef f   PhysXCommon_64:PhysXCommon_64.dll
 0001:000261f5       __imp_load_?Sort@RadixSortBuffered@Cm@physx@@QEAAAEAV123@PEBIIW4RadixHint@23@@Z 00000001800271f5 f   PhysXCommon_64:PhysXCommon_64.dll
 0001:00026201       ?Sort@RadixSortBuffered@Cm@physx@@QEAAAEAV123@PEBIIW4RadixHint@23@@Z 0000000180027201 f   PhysXCommon_64:PhysXCommon_64.dll
 0001:00026207       __imp_load_??0HeightField@Gu@physx@@QEAA@PEAVGuMeshFactory@2@@Z 0000000180027207 f   PhysXCommon_64:PhysXCommon_64.dll
 0001:00026213       ??0HeightField@Gu@physx@@QEAA@PEAVGuMeshFactory@2@@Z 0000000180027213 f   PhysXCommon_64:PhysXCommon_64.dll
 0001:00026219       __imp_load_?loadFromDesc@HeightField@Gu@physx@@QEAA_NAEBVPxHeightFieldDesc@3@@Z 0000000180027219 f   PhysXCommon_64:PhysXCommon_64.dll
 0001:00026225       ?loadFromDesc@HeightField@Gu@physx@@QEAA_NAEBVPxHeightFieldDesc@3@@Z 0000000180027225 f   PhysXCommon_64:PhysXCommon_64.dll
 0001:0002622b       __imp_load_?computeCellCoordinates@HeightField@Gu@physx@@QEBAIMMAEAM0@Z 000000018002722b f   PhysXCommon_64:PhysXCommon_64.dll
 0001:00026237       ?computeCellCoordinates@HeightField@Gu@physx@@QEBAIMMAEAM0@Z 0000000180027237 f   PhysXCommon_64:PhysXCommon_64.dll
 0001:0002623d       __imp_load_?releaseMemory@HeightField@Gu@physx@@QEAAXXZ 000000018002723d f   PhysXCommon_64:PhysXCommon_64.dll
 0001:00026249       ?releaseMemory@HeightField@Gu@physx@@QEAAXXZ 0000000180027249 f   PhysXCommon_64:PhysXCommon_64.dll
 0001:0002624f       __imp_load_??1HeightField@Gu@physx@@UEAA@XZ 000000018002724f f   PhysXCommon_64:PhysXCommon_64.dll
 0001:0002625b       ??1HeightField@Gu@physx@@UEAA@XZ 000000018002725b f   PhysXCommon_64:PhysXCommon_64.dll
 0001:00026261       __imp_load_??0NodeAllocator@Gu@physx@@QEAA@XZ 0000000180027261 f   PhysXCommon_64:PhysXCommon_64.dll
 0001:0002626d       ??0NodeAllocator@Gu@physx@@QEAA@XZ 000000018002726d f   PhysXCommon_64:PhysXCommon_64.dll
 0001:00026273       __imp_load_??1NodeAllocator@Gu@physx@@QEAA@XZ 0000000180027273 f   PhysXCommon_64:PhysXCommon_64.dll
 0001:0002627f       ??1NodeAllocator@Gu@physx@@QEAA@XZ 000000018002727f f   PhysXCommon_64:PhysXCommon_64.dll
 0001:00026285       __imp_load_?release@NodeAllocator@Gu@physx@@QEAAXXZ 0000000180027285 f   PhysXCommon_64:PhysXCommon_64.dll
 0001:00026291       ?release@NodeAllocator@Gu@physx@@QEAAXXZ 0000000180027291 f   PhysXCommon_64:PhysXCommon_64.dll
 0001:00026297       __imp_load_?buildAABBTree@Gu@physx@@YA_NAEAVAABBTreeBuildParams@12@AEAVNodeAllocator@12@AEAUBuildStats@12@AEAPEAI@Z 0000000180027297 f   PhysXCommon_64:PhysXCommon_64.dll
 0001:000262a3       ?buildAABBTree@Gu@physx@@YA_NAEAVAABBTreeBuildParams@12@AEAVNodeAllocator@12@AEAUBuildStats@12@AEAPEAI@Z 00000001800272a3 f   PhysXCommon_64:PhysXCommon_64.dll
 0001:000262a9       __imp_load_?writeDword@physx@@YAXI_NAEAVPxOutputStream@1@@Z 00000001800272a9 f   PhysXCommon_64:PhysXCommon_64.dll
 0001:000262b5       ?writeDword@physx@@YAXI_NAEAVPxOutputStream@1@@Z 00000001800272b5 f   PhysXCommon_64:PhysXCommon_64.dll
 0001:000262bb       __imp_load_?writeFloatBuffer@physx@@YAXPEBMI_NAEAVPxOutputStream@1@@Z 00000001800272bb f   PhysXCommon_64:PhysXCommon_64.dll
 0001:000262c7       ?writeFloatBuffer@physx@@YAXPEBMI_NAEAVPxOutputStream@1@@Z 00000001800272c7 f   PhysXCommon_64:PhysXCommon_64.dll
 0001:000262cd       __imp_load_?writeHeader@physx@@YA_NCCCCI_NAEAVPxOutputStream@1@@Z 00000001800272cd f   PhysXCommon_64:PhysXCommon_64.dll
 0001:000262d9       ?writeHeader@physx@@YA_NCCCCI_NAEAVPxOutputStream@1@@Z 00000001800272d9 f   PhysXCommon_64:PhysXCommon_64.dll
 0001:000262df       __imp_load_?writeWord@physx@@YAXG_NAEAVPxOutputStream@1@@Z 00000001800272df f   PhysXCommon_64:PhysXCommon_64.dll
 0001:000262eb       ?writeWord@physx@@YAXG_NAEAVPxOutputStream@1@@Z 00000001800272eb f   PhysXCommon_64:PhysXCommon_64.dll
 0001:000262f1       __imp_load_?writeFloat@physx@@YAXM_NAEAVPxOutputStream@1@@Z 00000001800272f1 f   PhysXCommon_64:PhysXCommon_64.dll
 0001:000262fd       ?writeFloat@physx@@YAXM_NAEAVPxOutputStream@1@@Z 00000001800272fd f   PhysXCommon_64:PhysXCommon_64.dll
 0001:00026303       __imp_load_?computeBoundsAroundVertices@Gu@physx@@YAXAEAVPxBounds3@2@IPEIBVPxVec3@2@@Z 0000000180027303 f   PhysXCommon_64:PhysXCommon_64.dll
 0001:0002630f       ?computeBoundsAroundVertices@Gu@physx@@YAXAEAVPxBounds3@2@IPEIBVPxVec3@2@@Z 000000018002730f f   PhysXCommon_64:PhysXCommon_64.dll
 0001:00026315       __imp_load_??0SourceMesh@Gu@physx@@QEAA@XZ 0000000180027315 f   PhysXCommon_64:PhysXCommon_64.dll
 0001:00026321       ??0SourceMesh@Gu@physx@@QEAA@XZ 0000000180027321 f   PhysXCommon_64:PhysXCommon_64.dll
 0001:00026327       __imp_load_??1SourceMesh@Gu@physx@@QEAA@XZ 0000000180027327 f   PhysXCommon_64:PhysXCommon_64.dll
 0001:00026333       ??1SourceMesh@Gu@physx@@QEAA@XZ 0000000180027333 f   PhysXCommon_64:PhysXCommon_64.dll
 0001:00026339       __imp_load_??0BV4Tree@Gu@physx@@QEAA@XZ 0000000180027339 f   PhysXCommon_64:PhysXCommon_64.dll
 0001:00026345       ??0BV4Tree@Gu@physx@@QEAA@XZ 0000000180027345 f   PhysXCommon_64:PhysXCommon_64.dll
 0001:0002634b       __imp_load_??1BV4Tree@Gu@physx@@QEAA@XZ 000000018002734b f   PhysXCommon_64:PhysXCommon_64.dll
 0001:00026357       ??1BV4Tree@Gu@physx@@QEAA@XZ 0000000180027357 f   PhysXCommon_64:PhysXCommon_64.dll
 0001:0002635d       __imp_load_??0BV32Tree@Gu@physx@@QEAA@XZ 000000018002735d f   PhysXCommon_64:PhysXCommon_64.dll
 0001:00026369       ??0BV32Tree@Gu@physx@@QEAA@XZ 0000000180027369 f   PhysXCommon_64:PhysXCommon_64.dll
 0001:0002636f       __imp_load_??1BV32Tree@Gu@physx@@QEAA@XZ 000000018002736f f   PhysXCommon_64:PhysXCommon_64.dll
 0001:0002637b       ??1BV32Tree@Gu@physx@@QEAA@XZ 000000018002737b f   PhysXCommon_64:PhysXCommon_64.dll
 0001:00026381       __imp_load_?writeWordBuffer@physx@@YAXPEBGI_NAEAVPxOutputStream@1@@Z 0000000180027381 f   PhysXCommon_64:PhysXCommon_64.dll
 0001:0002638d       ?writeWordBuffer@physx@@YAXPEBGI_NAEAVPxOutputStream@1@@Z 000000018002738d f   PhysXCommon_64:PhysXCommon_64.dll
 0001:00026393       __imp_load_?computeMaxIndex@physx@@YAIPEBII@Z 0000000180027393 f   PhysXCommon_64:PhysXCommon_64.dll
 0001:0002639f       ?computeMaxIndex@physx@@YAIPEBII@Z 000000018002739f f   PhysXCommon_64:PhysXCommon_64.dll
 0001:000263a5       __imp_load_?storeIndices@physx@@YAXIIPEBIAEAVPxOutputStream@1@_N@Z 00000001800273a5 f   PhysXCommon_64:PhysXCommon_64.dll
 0001:000263b1       ?storeIndices@physx@@YAXIIPEBIAEAVPxOutputStream@1@_N@Z 00000001800273b1 f   PhysXCommon_64:PhysXCommon_64.dll
 0001:000263b7       __imp_load_?BuildBV4Ex@Gu@physx@@YA_NAEAVBV4Tree@12@AEAVSourceMesh@12@MI@Z 00000001800273b7 f   PhysXCommon_64:PhysXCommon_64.dll
 0001:000263c3       ?BuildBV4Ex@Gu@physx@@YA_NAEAVBV4Tree@12@AEAVSourceMesh@12@MI@Z 00000001800273c3 f   PhysXCommon_64:PhysXCommon_64.dll
 0001:000263c9       __imp_load_?BuildBV32Ex@Gu@physx@@YA_NAEAVBV32Tree@12@AEAVSourceMesh@12@MI@Z 00000001800273c9 f   PhysXCommon_64:PhysXCommon_64.dll
 0001:000263d5       ?BuildBV32Ex@Gu@physx@@YA_NAEAVBV32Tree@12@AEAVSourceMesh@12@MI@Z 00000001800273d5 f   PhysXCommon_64:PhysXCommon_64.dll
 0001:000263db       __imp_load_?computeMaxIndex@physx@@YAGPEBGI@Z 00000001800273db f   PhysXCommon_64:PhysXCommon_64.dll
 0001:000263e7       ?computeMaxIndex@physx@@YAGPEBGI@Z 00000001800273e7 f   PhysXCommon_64:PhysXCommon_64.dll
 0001:000263ed       __imp_load_?WriteHeader@Gu@physx@@YA_NEEEEI_NAEAVPxOutputStream@2@@Z 00000001800273ed f   PhysXCommon_64:PhysXCommon_64.dll
 0001:000263f9       ?WriteHeader@Gu@physx@@YA_NEEEEI_NAEAVPxOutputStream@2@@Z 00000001800273f9 f   PhysXCommon_64:PhysXCommon_64.dll
 0001:000263ff       __imp_load_?StoreIndices@Gu@physx@@YAXGIPEBGAEAVPxOutputStream@2@_N@Z 00000001800273ff f   PhysXCommon_64:PhysXCommon_64.dll
 0001:0002640b       ?StoreIndices@Gu@physx@@YAXGIPEBGAEAVPxOutputStream@2@_N@Z 000000018002740b f   PhysXCommon_64:PhysXCommon_64.dll
 0001:00026411       __imp_load_?CreateOffsets@BigConvexData@physx@@IEAAXXZ 0000000180027411 f   PhysXCommon_64:PhysXCommon_64.dll
 0001:0002641d       ?CreateOffsets@BigConvexData@physx@@IEAAXXZ 000000018002741d f   PhysXCommon_64:PhysXCommon_64.dll
 0001:00026423       __imp_load_?computeOBBPoints@Gu@physx@@YAXPEIAVPxVec3@2@AEBV32@1111@Z 0000000180027423 f   PhysXCommon_64:PhysXCommon_64.dll
 0001:0002642f       ?computeOBBPoints@Gu@physx@@YAXPEIAVPxVec3@2@AEBV32@1111@Z 000000018002742f f   PhysXCommon_64:PhysXCommon_64.dll
 0001:00026435       __imp_load_??0BigConvexData@physx@@QEAA@XZ 0000000180027435 f   PhysXCommon_64:PhysXCommon_64.dll
 0001:00026441       ??0BigConvexData@physx@@QEAA@XZ 0000000180027441 f   PhysXCommon_64:PhysXCommon_64.dll
 0001:00026447       __imp_load_??1BigConvexData@physx@@QEAA@XZ 0000000180027447 f   PhysXCommon_64:PhysXCommon_64.dll
 0001:00026453       ??1BigConvexData@physx@@QEAA@XZ 0000000180027453 f   PhysXCommon_64:PhysXCommon_64.dll
 0001:00026459       __imp_load_PxGetFoundation 0000000180027459 f   PhysXFoundation_64:PhysXFoundation_64.dll
 0001:00026465       PxGetFoundation            0000000180027465 f   PhysXFoundation_64:PhysXFoundation_64.dll
 0001:0002646b       __tailMerge_physxfoundation_64_dll 000000018002746b     PhysXFoundation_64:PhysXFoundation_64.dll
 0001:000264e4       __imp_load_?getAllocator@shdfnd@physx@@YAAEAVPxAllocatorCallback@2@XZ 00000001800274e4 f   PhysXFoundation_64:PhysXFoundation_64.dll
 0001:000264f0       ?getAllocator@shdfnd@physx@@YAAEAVPxAllocatorCallback@2@XZ 00000001800274f0 f   PhysXFoundation_64:PhysXFoundation_64.dll
 0001:000264f6       __imp_load_?getInstance@Foundation@shdfnd@physx@@SAAEAV123@XZ 00000001800274f6 f   PhysXFoundation_64:PhysXFoundation_64.dll
 0001:00026502       ?getInstance@Foundation@shdfnd@physx@@SAAEAV123@XZ 0000000180027502 f   PhysXFoundation_64:PhysXFoundation_64.dll
 0001:00026508       __imp_load_?error@Foundation@shdfnd@physx@@QEAAXW4Enum@PxErrorCode@3@PEBDH1ZZ 0000000180027508 f   PhysXFoundation_64:PhysXFoundation_64.dll
 0001:00026514       ?error@Foundation@shdfnd@physx@@QEAAXW4Enum@PxErrorCode@3@PEBDH1ZZ 0000000180027514 f   PhysXFoundation_64:PhysXFoundation_64.dll
 0001:0002651a       __imp_load_?incRefCount@Foundation@shdfnd@physx@@SAXXZ 000000018002751a f   PhysXFoundation_64:PhysXFoundation_64.dll
 0001:00026526       ?incRefCount@Foundation@shdfnd@physx@@SAXXZ 0000000180027526 f   PhysXFoundation_64:PhysXFoundation_64.dll
 0001:0002652c       __imp_load_?decRefCount@Foundation@shdfnd@physx@@SAXXZ 000000018002752c f   PhysXFoundation_64:PhysXFoundation_64.dll
 0001:00026538       ?decRefCount@Foundation@shdfnd@physx@@SAXXZ 0000000180027538 f   PhysXFoundation_64:PhysXFoundation_64.dll
 0001:0002653e       __imp_load_??0FPUGuard@shdfnd@physx@@QEAA@XZ 000000018002753e f   PhysXFoundation_64:PhysXFoundation_64.dll
 0001:0002654a       ??0FPUGuard@shdfnd@physx@@QEAA@XZ 000000018002754a f   PhysXFoundation_64:PhysXFoundation_64.dll
 0001:00026550       __imp_load_??1FPUGuard@shdfnd@physx@@QEAA@XZ 0000000180027550 f   PhysXFoundation_64:PhysXFoundation_64.dll
 0001:0002655c       ??1FPUGuard@shdfnd@physx@@QEAA@XZ 000000018002755c f   PhysXFoundation_64:PhysXFoundation_64.dll
 0001:00026562       __imp_load_?allocate@TempAllocator@shdfnd@physx@@QEAAPEAX_KPEBDH@Z 0000000180027562 f   PhysXFoundation_64:PhysXFoundation_64.dll
 0001:0002656e       ?allocate@TempAllocator@shdfnd@physx@@QEAAPEAX_KPEBDH@Z 000000018002756e f   PhysXFoundation_64:PhysXFoundation_64.dll
 0001:00026574       __imp_load_?deallocate@TempAllocator@shdfnd@physx@@QEAAXPEAX@Z 0000000180027574 f   PhysXFoundation_64:PhysXFoundation_64.dll
 0001:00026580       ?deallocate@TempAllocator@shdfnd@physx@@QEAAXPEAX@Z 0000000180027580 f   PhysXFoundation_64:PhysXFoundation_64.dll
 0001:00026586       __imp_load_?PxDiagonalize@physx@@YA?AVPxVec3@1@AEBVPxMat33@1@AEAVPxQuat@1@@Z 0000000180027586 f   PhysXFoundation_64:PhysXFoundation_64.dll
 0001:00026592       ?PxDiagonalize@physx@@YA?AVPxVec3@1@AEBVPxMat33@1@AEAVPxQuat@1@@Z 0000000180027592 f   PhysXFoundation_64:PhysXFoundation_64.dll
 0001:00026598       ?DloadAcquireSectionWriteAccess@@YAXXZ 0000000180027598 f i Delayimp:delayhlp.obj
 0001:00026644       ?DloadGetSRWLockFunctionPointers@@YAEXZ 0000000180027644 f i Delayimp:delayhlp.obj
 0001:000266e0       ?DloadMakePermanentImageCommit@@YAXPEAX_K@Z 00000001800276e0 f i Delayimp:delayhlp.obj
 0001:00026778       ?DloadObtainSection@@YAPEAXPEAK0@Z 0000000180027778 f i Delayimp:delayhlp.obj
 0001:00026814       ?DloadProtectSection@@YAXKPEAK@Z 0000000180027814 f i Delayimp:delayhlp.obj
 0001:000268a4       ?DloadReleaseSectionWriteAccess@@YAXXZ 00000001800278a4 f i Delayimp:delayhlp.obj
 0001:00026938       __delayLoadHelper2         0000000180027938 f   Delayimp:delayhlp.obj
 0001:00026c10       ??_V@YAXPEAX@Z             0000000180027c10 f   LIBCMT:delete_array.obj
 0001:00026c10       ??3@YAXPEAX_K@Z            0000000180027c10 f   LIBCMT:delete_scalar_size.obj
 0001:00026c18       ??_Etype_info@@UEAAPEAXI@Z 0000000180027c18 f i LIBCMT:std_type_info_static.obj
 0001:00026c18       ??_Gtype_info@@UEAAPEAXI@Z 0000000180027c18 f i LIBCMT:std_type_info_static.obj
 0001:00026c44       ?__scrt_initialize_type_info@@YAXXZ 0000000180027c44 f   LIBCMT:tncleanup.obj
 0001:00026c54       ?__scrt_uninitialize_type_info@@YAXXZ 0000000180027c54 f   LIBCMT:tncleanup.obj
 0001:00026c70       __chkstk                   0000000180027c70 f   LIBCMT:chkstk.obj
 0001:00026c70       _alloca_probe              0000000180027c70 f   LIBCMT:chkstk.obj
 0001:00026cc4       ??3@YAXPEAX@Z              0000000180027cc4 f   LIBCMT:delete_scalar.obj
 0001:00026cd0       __vdecl_sinf4              0000000180027cd0 f   LIBCMT:svml_ssinf4_dispatch.obj
 0001:00026cf0       __libm_sse2_sincosf_       0000000180027cf0 f   LIBCMT:svml_ssinf4_dispatch.obj
 0001:00026d33       __libm_sse2_sincosf4_      0000000180027d33 f   LIBCMT:svml_ssinf4_dispatch.obj
 0001:00027060       _DllMainCRTStartup         0000000180028060 f   LIBCMT:dll_dllmain.obj
 0001:000270a0       __isa_available_init       00000001800280a0 f   LIBCMT:cpu_disp.obj
 0001:00027250       __sse2_sinf4@@16           0000000180028250 f   LIBCMT:svml_ssinf4_sse2.obj
 0001:00027b90       __sse4_sinf4@@16           0000000180028b90 f   LIBCMT:svml_ssinf4_sse4.obj
 0001:00028304       __security_init_cookie     0000000180029304 f   LIBCMT:gs_support.obj
 0001:000283b0       __local_stdio_printf_options 00000001800293b0 f i LIBCMT:default_local_stdio_options.obj
 0001:000283b8       __local_stdio_scanf_options 00000001800293b8 f i LIBCMT:default_local_stdio_options.obj
 0001:000283c0       __scrt_initialize_default_local_stdio_options 00000001800293c0 f   LIBCMT:default_local_stdio_options.obj
 0001:000283dc       __scrt_acquire_startup_lock 00000001800293dc f   LIBCMT:utility.obj
 0001:00028418       __scrt_dllmain_after_initialize_c 0000000180029418 f   LIBCMT:utility.obj
 0001:0002844c       __scrt_dllmain_before_initialize_c 000000018002944c f   LIBCMT:utility.obj
 0001:00028464       __scrt_dllmain_crt_thread_attach 0000000180029464 f   LIBCMT:utility.obj
 0001:0002848c       __scrt_dllmain_crt_thread_detach 000000018002948c f   LIBCMT:utility.obj
 0001:000284a4       __scrt_dllmain_exception_filter 00000001800294a4 f   LIBCMT:utility.obj
 0001:00028504       __scrt_dllmain_uninitialize_c 0000000180029504 f   LIBCMT:utility.obj
 0001:00028534       __scrt_dllmain_uninitialize_critical 0000000180029534 f   LIBCMT:utility.obj
 0001:00028548       __scrt_initialize_crt      0000000180029548 f   LIBCMT:utility.obj
 0001:00028594       __scrt_initialize_onexit_tables 0000000180029594 f   LIBCMT:utility.obj
 0001:00028620       __scrt_is_nonwritable_in_current_image 0000000180029620 f   LIBCMT:utility.obj
 0001:000286b8       __scrt_release_startup_lock 00000001800296b8 f   LIBCMT:utility.obj
 0001:000286dc       __scrt_uninitialize_crt    00000001800296dc f   LIBCMT:utility.obj
 0001:00028708       __scrt_get_dyn_tls_init_callback 0000000180029708 f   LIBCMT:dyn_tls_init.obj
 0001:00028710       __crt_debugger_hook        0000000180029710 f   LIBCMT:utility_desktop.obj
 0001:00028718       __scrt_fastfail            0000000180029718 f   LIBCMT:utility_desktop.obj
 0001:00028864       _RTC_Initialize            0000000180029864 f   LIBCMT:initsect.obj
 0001:000288a0       _RTC_Terminate             00000001800298a0 f   LIBCMT:initsect.obj
 0001:000288e0       __common_ssin_cout_rare    00000001800298e0 f   LIBCMT:svml_s_sin_cout.obj
 0001:00028950       __scrt_is_ucrt_dll_in_use  0000000180029950 f   LIBCMT:ucrt_detection.obj
 0001:0002895c       _get_purecall_handler      000000018002995c f   libvcruntime:purevirt.obj
 0001:00028964       _purecall                  0000000180029964 f   libvcruntime:purevirt.obj
 0001:00028988       __std_type_info_compare    0000000180029988 f   libvcruntime:std_type_info.obj
 0001:000289b0       __std_type_info_destroy_list 00000001800299b0 f   libvcruntime:std_type_info.obj
 0001:000289dc       __std_type_info_name       00000001800299dc f   libvcruntime:std_type_info.obj
 0001:00028b10       memset_repmovs             0000000180029b10 f   libvcruntime:memset.obj
 0001:00028b30       memset                     0000000180029b30 f   libvcruntime:memset.obj
 0001:00028cd0       memcpy_repmovs             0000000180029cd0 f   libvcruntime:memcpy.obj
 0001:00028cf0       memcpy                     0000000180029cf0 f   libvcruntime:memcpy.obj
 0001:00028cf0       memmove                    0000000180029cf0 f   libvcruntime:memcpy.obj
 0001:000290c8       strstr                     000000018002a0c8 f   libvcruntime:strstr.obj
 0001:000292c4       __C_specific_handler       000000018002a2c4 f   libvcruntime:riscchandler.obj
 0001:000294d0       __vcrt_initialize          000000018002a4d0 f   libvcruntime:initialization.obj
 0001:000294f8       __vcrt_thread_attach       000000018002a4f8 f   libvcruntime:initialization.obj
 0001:0002950c       __vcrt_thread_detach       000000018002a50c f   libvcruntime:initialization.obj
 0001:00029520       __vcrt_uninitialize        000000018002a520 f   libvcruntime:initialization.obj
 0001:0002953c       __vcrt_uninitialize_critical 000000018002a53c f   libvcruntime:initialization.obj
 0001:0002954c       __DestructExceptionObject  000000018002a54c f   libvcruntime:ehhelpers.obj
 0001:000295bc       ?_CallMemberFunction0@@YAXQEAX0@Z 000000018002a5bc f i libvcruntime:ehhelpers.obj
 0001:000295c0       _IsExceptionObjectToBeDestroyed 000000018002a5c0 f   libvcruntime:ehhelpers.obj
 0001:000295f0       __AdjustPointer            000000018002a5f0 f   libvcruntime:ehhelpers.obj
 0001:00029614       __FrameUnwindFilter        000000018002a614 f   libvcruntime:ehhelpers.obj
 0001:0002967c       ??$?0$00@DName@@QEAA@PEBDU?$StringLifeSelector@$00@@@Z 000000018002a67c f i libvcruntime:undname.obj
 0001:000296bc       ??$?0$0A@@DName@@QEAA@PEBDU?$StringLifeSelector@$0A@@@@Z 000000018002a6bc f i libvcruntime:undname.obj
 0001:000296bc       ??$?0$01@DName@@QEAA@PEBDU?$StringLifeSelector@$01@@@Z 000000018002a6bc f i libvcruntime:undname.obj
 0001:000296fc       ??$?0$01@pcharNode@@QEAA@PEBDHU?$StringLifeSelector@$01@@@Z 000000018002a6fc f i libvcruntime:undname.obj
 0001:000296fc       ??$?0$0A@@pcharNode@@QEAA@PEBDHU?$StringLifeSelector@$0A@@@@Z 000000018002a6fc f i libvcruntime:undname.obj
 0001:00029770       ??$append@VcharNode@@@DName@@AEAAXPEBVcharNode@@@Z 000000018002a770 f i libvcruntime:undname.obj
 0001:00029770       ??$append@VDNameNode@@@DName@@AEAAXPEBVDNameNode@@@Z 000000018002a770 f i libvcruntime:undname.obj
 0001:00029770       ??$append@VpcharNode@@@DName@@AEAAXPEBVpcharNode@@@Z 000000018002a770 f i libvcruntime:undname.obj
 0001:00029770       ??$append@VDNameStatusNode@@@DName@@AEAAXPEBVDNameStatusNode@@@Z 000000018002a770 f i libvcruntime:undname.obj
 0001:000297d4       ??$doPchar@$00@DName@@AEAAXPEBDH@Z 000000018002a7d4 f i libvcruntime:undname.obj
 0001:00029878       ??$doPchar@$0A@@DName@@AEAAXPEBDH@Z 000000018002a878 f i libvcruntime:undname.obj
 0001:00029878       ??$doPchar@$01@DName@@AEAAXPEBDH@Z 000000018002a878 f i libvcruntime:undname.obj
 0001:00029910       ??0DName@@QEAA@AEAPEBDD@Z  000000018002a910 f   libvcruntime:undname.obj
 0001:000299c0       ??0DName@@QEAA@AEBUStringLiteral@@@Z 000000018002a9c0 f   libvcruntime:undname.obj
 0001:000299ec       ??0DName@@QEAA@PEAV0@@Z    000000018002a9ec f   libvcruntime:undname.obj
 0001:00029a70       ??0DName@@QEAA@_J@Z        000000018002aa70 f   libvcruntime:undname.obj
 0001:00029b18       ??0DName@@QEAA@_K@Z        000000018002ab18 f   libvcruntime:undname.obj
 0001:00029ba8       ??2@YAPEAX_KAEAV_HeapManager@@H@Z 000000018002aba8 f   libvcruntime:undname.obj
 0001:00029bd4       ??AReplicator@@QEBA?AVDName@@H@Z 000000018002abd4 f   libvcruntime:undname.obj
 0001:00029c14       ??HDName@@QEBA?AV0@AEBUStringLiteral@@@Z 000000018002ac14 f   libvcruntime:undname.obj
 0001:00029c40       ??HDName@@QEBA?AV0@AEBV0@@Z 000000018002ac40 f   libvcruntime:undname.obj
 0001:00029c6c       ??HDName@@QEBA?AV0@D@Z     000000018002ac6c f   libvcruntime:undname.obj
 0001:00029c98       ??HDName@@QEBA?AV0@W4DNameStatus@@@Z 000000018002ac98 f   libvcruntime:undname.obj
 0001:00029cc4       ??YDName@@QEAAAEAV0@AEBUStringLiteral@@@Z 000000018002acc4 f   libvcruntime:undname.obj
 0001:00029d44       ??YDName@@QEAAAEAV0@AEBV0@@Z 000000018002ad44 f   libvcruntime:undname.obj
 0001:00029df8       ??YDName@@QEAAAEAV0@D@Z    000000018002adf8 f   libvcruntime:undname.obj
 0001:00029e64       ??YDName@@QEAAAEAV0@W4DNameStatus@@@Z 000000018002ae64 f   libvcruntime:undname.obj
 0001:00029ed0       ??YReplicator@@QEAAAEAV0@AEBVDName@@@Z 000000018002aed0 f   libvcruntime:undname.obj
 0001:00029f28       ?UScore@UnDecorator@@SA?AUStringLiteral@@W4Tokens@@@Z 000000018002af28 f   libvcruntime:undname.obj
 0001:00029f74       ?composeDeclaration@UnDecorator@@CA?AVDName@@AEBV2@@Z 000000018002af74 f i libvcruntime:undname.obj
 0001:0002ae1c       ?doPchar@DName@@AEAAXD@Z   000000018002be1c f   libvcruntime:undname.obj
 0001:0002ae6c       ?getArgumentList@UnDecorator@@CA?AVDName@@XZ 000000018002be6c f   libvcruntime:undname.obj
 0001:0002b000       ?getArgumentTypes@UnDecorator@@CA?AVDName@@XZ 000000018002c000 f   libvcruntime:undname.obj
 0001:0002b15c       ?getArrayObject@UnDecorator@@CA?AVDName@@XZ 000000018002c15c f   libvcruntime:undname.obj
 0001:0002b224       ?getArrayType@UnDecorator@@CA?AVDName@@AEBV2@@Z 000000018002c224 f i libvcruntime:undname.obj
 0001:0002b46c       ?getBasedType@UnDecorator@@CA?AVDName@@XZ 000000018002c46c f   libvcruntime:undname.obj
 0001:0002b564       ?getBasicDataType@UnDecorator@@CA?AVDName@@AEBV2@@Z 000000018002c564 f   libvcruntime:undname.obj
 0001:0002baa8       ?getCallingConvention@UnDecorator@@CA?AVDName@@XZ 000000018002caa8 f   libvcruntime:undname.obj
[...]
 0002:0001160f       $N00045                    000000018005660f     PhysXCooking_64.exp
 0002:00011639       $N00046                    0000000180056639     PhysXCooking_64.exp
 0002:0001165d       $N00047                    000000018005665d     PhysXCooking_64.exp
 0002:0001168f       $N00048                    000000018005668f     PhysXCooking_64.exp
 0002:000116b6       $N00049                    00000001800566b6     PhysXCooking_64.exp
 0002:000116e4       $N00050                    00000001800566e4     PhysXCooking_64.exp
 0002:0001170f       $N00051                    000000018005670f     PhysXCooking_64.exp
 0002:0001173c       $N00052                    000000018005673c     PhysXCooking_64.exp
 0002:00011765       $N00053                    0000000180056765     PhysXCooking_64.exp
 0002:00011794       $N00054                    0000000180056794     PhysXCooking_64.exp
 0002:000117bd       $N00055                    00000001800567bd     PhysXCooking_64.exp
 0002:000117e6       $N00056                    00000001800567e6     PhysXCooking_64.exp
 0002:00011814       $N00057                    0000000180056814     PhysXCooking_64.exp
 0002:0001183c       $N00058                    000000018005683c     PhysXCooking_64.exp
 0002:00011877       $N00059                    0000000180056877     PhysXCooking_64.exp
 0002:000118a1       $N00060                    00000001800568a1     PhysXCooking_64.exp
 0002:000118d5       $N00061                    00000001800568d5     PhysXCooking_64.exp
 0002:0001190b       $N00062                    000000018005690b     PhysXCooking_64.exp
 0002:00011947       $N00063                    0000000180056947     PhysXCooking_64.exp
 0002:0001198f       $N00064                    000000018005698f     PhysXCooking_64.exp
 0002:000119df       $N00065                    00000001800569df     PhysXCooking_64.exp
 0002:00011a13       $N00066                    0000000180056a13     PhysXCooking_64.exp
 0002:00011a48       $N00067                    0000000180056a48     PhysXCooking_64.exp
 0002:00011a7e       $N00068                    0000000180056a7e     PhysXCooking_64.exp
 0002:00011aa5       $N00069                    0000000180056aa5     PhysXCooking_64.exp
 0002:00011aed       $N00070                    0000000180056aed     PhysXCooking_64.exp
 0002:00011b33       $N00071                    0000000180056b33     PhysXCooking_64.exp
 0002:00011b8b       $N00072                    0000000180056b8b     PhysXCooking_64.exp
 0002:00011bd2       $N00073                    0000000180056bd2     PhysXCooking_64.exp
 0002:00011bfd       $N00074                    0000000180056bfd     PhysXCooking_64.exp
 0002:00011c2d       $N00075                    0000000180056c2d     PhysXCooking_64.exp
 0002:00011c7d       $N00076                    0000000180056c7d     PhysXCooking_64.exp
 0002:00011d2c       $N00077                    0000000180056d2c     PhysXCooking_64.exp
 0002:00011d8a       $N00078                    0000000180056d8a     PhysXCooking_64.exp
 0002:00011db6       $N00079                    0000000180056db6     PhysXCooking_64.exp
 0002:00011de2       $N00080                    0000000180056de2     PhysXCooking_64.exp
 0002:00011e17       $N00081                    0000000180056e17     PhysXCooking_64.exp
 0002:00011e40       $N00082                    0000000180056e40     PhysXCooking_64.exp
 0002:00011e7c       $N00083                    0000000180056e7c     PhysXCooking_64.exp
 0002:00011ea8       $N00084                    0000000180056ea8     PhysXCooking_64.exp
 0002:00011edb       $N00085                    0000000180056edb     PhysXCooking_64.exp
 0002:00011f28       $N00086                    0000000180056f28     PhysXCooking_64.exp
 0002:00011f5b       $N00087                    0000000180056f5b     PhysXCooking_64.exp
 0002:00011f95       $N00088                    0000000180056f95     PhysXCooking_64.exp
 0002:00011fcf       $N00089                    0000000180056fcf     PhysXCooking_64.exp
 0002:0001200b       $N00090                    000000018005700b     PhysXCooking_64.exp
 0002:0001204f       $N00091                    000000018005704f     PhysXCooking_64.exp
 0002:0001207e       $N00092                    000000018005707e     PhysXCooking_64.exp
 0002:000120f8       $N00093                    00000001800570f8     PhysXCooking_64.exp
 0002:00012155       $N00094                    0000000180057155     PhysXCooking_64.exp
 0002:00012181       $N00095                    0000000180057181     PhysXCooking_64.exp
 0002:000121b5       $N00096                    00000001800571b5     PhysXCooking_64.exp
 0002:000121ee       $N00097                    00000001800571ee     PhysXCooking_64.exp
 0002:0001222b       $N00098                    000000018005722b     PhysXCooking_64.exp
 0002:00012261       $N00099                    0000000180057261     PhysXCooking_64.exp
 0002:0001228e       $N00100                    000000018005728e     PhysXCooking_64.exp
 0002:000122bb       $N00101                    00000001800572bb     PhysXCooking_64.exp
 0002:000122e6       $N00102                    00000001800572e6     PhysXCooking_64.exp
 0002:00012312       $N00103                    0000000180057312     PhysXCooking_64.exp
 0002:0001233f       $N00104                    000000018005733f     PhysXCooking_64.exp
 0002:0001235f       $N00105                    000000018005735f     PhysXCooking_64.exp
 0002:0001239b       $N00106                    000000018005739b     PhysXCooking_64.exp
 0002:000123cc       $N00107                    00000001800573cc     PhysXCooking_64.exp
 0002:000123fe       $N00108                    00000001800573fe     PhysXCooking_64.exp
 0002:00012440       $N00109                    0000000180057440     PhysXCooking_64.exp
 0002:0001246d       $N00110                    000000018005746d     PhysXCooking_64.exp
 0002:00012491       $N00111                    0000000180057491     PhysXCooking_64.exp
 0002:000124c1       $N00112                    00000001800574c1     PhysXCooking_64.exp
 0002:000124f4       $N00113                    00000001800574f4     PhysXCooking_64.exp
 0002:00012519       $N00114                    0000000180057519     PhysXCooking_64.exp
 0002:00012547       $N00115                    0000000180057547     PhysXCooking_64.exp
 0002:0001256f       $N00116                    000000018005756f     PhysXCooking_64.exp
 0002:0001258f       $N00117                    000000018005758f     PhysXCooking_64.exp
 0002:000125d4       $N00118                    00000001800575d4     PhysXCooking_64.exp
 0002:00012611       $N00119                    0000000180057611     PhysXCooking_64.exp
 0002:0001264e       $N00120                    000000018005764e     PhysXCooking_64.exp
 0002:00012681       $N00121                    0000000180057681     PhysXCooking_64.exp
 0002:00012691       $N00122                    0000000180057691     PhysXCooking_64.exp
 0002:00012940       .idata$6                   0000000180057940     kernel32:KERNEL32.dll
 0003:00000000       ?MAXDOT_MINANG@local@@3MB  0000000180058000     ConvexHullUtils.obj
 0003:00000004       ?MAXDOT_MINANG@local@@3MB  0000000180058004     QuickHullConvexHullLib.obj
 0003:00000060       ?prefix@?1??getDimension@UnDecorator@@CA?AVDName@@_N@Z@4UStringLiteral@@A 0000000180058060     libvcruntime:undname.obj
 0003:00000070       ?__vcrt_flsindex@@3KA      0000000180058070     libvcruntime:per_thread_data.obj
 0003:00000090       ?dazSupported@?1??_ctrlfp@@9@9 0000000180058090     libucrt:fpctrl.obj
 0003:000000a0       ?__acrt_flsindex@@3KA      00000001800580a0     libucrt:per_thread_data.obj
 0003:000000a4       ?errno_no_memory@@3HA      00000001800580a4     libucrt:errno.obj
 0003:000000a8       ?doserrno_no_memory@@3KA   00000001800580a8     libucrt:errno.obj
 0003:000002e0       _mbctypes                  00000001800582e0     libucrt:mbctype.obj
 0003:000003f0       _mbcasemaps                00000001800583f0     libucrt:mbctype.obj
 0003:000004f0       ?__rgctypeflag@@3PADA      00000001800584f0     libucrt:mbctype.obj
 0003:00000500       ?__rgcode_page_info@@3PAUcode_page_info@@A 0000000180058500     libucrt:mbctype.obj
 0003:00000a20       ?__dcrt_lowio_console_output_handle@@3PEAXEA 0000000180058a20     libucrt:initcon.obj
 0003:00001290       ?maxV3Error@_VecMathTests@aos@shdfnd@physx@@3T__m128@@B 0000000180059290     Cooking.obj
 0003:000012a0       ?minFError@_VecMathTests@aos@shdfnd@physx@@3T__m128@@B 00000001800592a0     Cooking.obj
 0003:000012b0       ?maxV4Error@_VecMathTests@aos@shdfnd@physx@@3T__m128@@B 00000001800592b0     Cooking.obj
 0003:000012c0       ?minV4Error@_VecMathTests@aos@shdfnd@physx@@3T__m128@@B 00000001800592c0     Cooking.obj
 0003:000012d0       ?minV3Error@_VecMathTests@aos@shdfnd@physx@@3T__m128@@B 00000001800592d0     Cooking.obj
 0003:000012e0       ?maxFError@_VecMathTests@aos@shdfnd@physx@@3T__m128@@B 00000001800592e0     Cooking.obj
 0003:000012f0       ?maxV3Error@_VecMathTests@aos@shdfnd@physx@@3T__m128@@B 00000001800592f0     BVHStructureBuilder.obj
 0003:00001300       ?minFError@_VecMathTests@aos@shdfnd@physx@@3T__m128@@B 0000000180059300     BVHStructureBuilder.obj
 0003:00001310       ?maxV4Error@_VecMathTests@aos@shdfnd@physx@@3T__m128@@B 0000000180059310     BVHStructureBuilder.obj
 0003:00001320       ?minV4Error@_VecMathTests@aos@shdfnd@physx@@3T__m128@@B 0000000180059320     BVHStructureBuilder.obj
 0003:00001330       ?minV3Error@_VecMathTests@aos@shdfnd@physx@@3T__m128@@B 0000000180059330     BVHStructureBuilder.obj
 0003:00001340       ?maxFError@_VecMathTests@aos@shdfnd@physx@@3T__m128@@B 0000000180059340     BVHStructureBuilder.obj
 0003:00001350       ?maxV3Error@_VecMathTests@aos@shdfnd@physx@@3T__m128@@B 0000000180059350     RTreeCooking.obj
 0003:00001360       ?minFError@_VecMathTests@aos@shdfnd@physx@@3T__m128@@B 0000000180059360     RTreeCooking.obj
 0003:00001370       ?maxV4Error@_VecMathTests@aos@shdfnd@physx@@3T__m128@@B 0000000180059370     RTreeCooking.obj
 0003:00001380       ?minV4Error@_VecMathTests@aos@shdfnd@physx@@3T__m128@@B 0000000180059380     RTreeCooking.obj
 0003:00001390       ?minV3Error@_VecMathTests@aos@shdfnd@physx@@3T__m128@@B 0000000180059390     RTreeCooking.obj
 0003:000013a0       ?maxFError@_VecMathTests@aos@shdfnd@physx@@3T__m128@@B 00000001800593a0     RTreeCooking.obj
 0003:000013b0       ?maxV3Error@_VecMathTests@aos@shdfnd@physx@@3T__m128@@B 00000001800593b0     MeshBuilder.obj
 0003:000013c0       ?minFError@_VecMathTests@aos@shdfnd@physx@@3T__m128@@B 00000001800593c0     MeshBuilder.obj
 0003:000013d0       ?maxV4Error@_VecMathTests@aos@shdfnd@physx@@3T__m128@@B 00000001800593d0     MeshBuilder.obj
 0003:000013e0       ?minV4Error@_VecMathTests@aos@shdfnd@physx@@3T__m128@@B 00000001800593e0     MeshBuilder.obj
 0003:000013f0       ?minV3Error@_VecMathTests@aos@shdfnd@physx@@3T__m128@@B 00000001800593f0     MeshBuilder.obj
 0003:00001400       ?maxFError@_VecMathTests@aos@shdfnd@physx@@3T__m128@@B 0000000180059400     MeshBuilder.obj
 0003:00001410       ?maxV3Error@_VecMathTests@aos@shdfnd@physx@@3T__m128@@B 0000000180059410     TriangleMeshBuilder.obj
 0003:00001420       ?minFError@_VecMathTests@aos@shdfnd@physx@@3T__m128@@B 0000000180059420     TriangleMeshBuilder.obj
 0003:00001430       ?maxV4Error@_VecMathTests@aos@shdfnd@physx@@3T__m128@@B 0000000180059430     TriangleMeshBuilder.obj
 0003:00001440       ?minV4Error@_VecMathTests@aos@shdfnd@physx@@3T__m128@@B 0000000180059440     TriangleMeshBuilder.obj
 0003:00001450       ?minV3Error@_VecMathTests@aos@shdfnd@physx@@3T__m128@@B 0000000180059450     TriangleMeshBuilder.obj
 0003:00001460       ?maxFError@_VecMathTests@aos@shdfnd@physx@@3T__m128@@B 0000000180059460     TriangleMeshBuilder.obj
 0003:00001470       ?maxV3Error@_VecMathTests@aos@shdfnd@physx@@3T__m128@@B 0000000180059470     BigConvexDataBuilder.obj
 0003:00001480       ?minFError@_VecMathTests@aos@shdfnd@physx@@3T__m128@@B 0000000180059480     BigConvexDataBuilder.obj
 0003:00001490       ?maxV4Error@_VecMathTests@aos@shdfnd@physx@@3T__m128@@B 0000000180059490     BigConvexDataBuilder.obj
 0003:000014a0       ?minV4Error@_VecMathTests@aos@shdfnd@physx@@3T__m128@@B 00000001800594a0     BigConvexDataBuilder.obj
 0003:000014b0       ?minV3Error@_VecMathTests@aos@shdfnd@physx@@3T__m128@@B 00000001800594b0     BigConvexDataBuilder.obj
 0003:000014c0       ?maxFError@_VecMathTests@aos@shdfnd@physx@@3T__m128@@B 00000001800594c0     BigConvexDataBuilder.obj
 0003:000014d0       ?maxV3Error@_VecMathTests@aos@shdfnd@physx@@3T__m128@@B 00000001800594d0     ConvexHullBuilder.obj
 0003:000014e0       ?minFError@_VecMathTests@aos@shdfnd@physx@@3T__m128@@B 00000001800594e0     ConvexHullBuilder.obj
 0003:000014f0       ?maxV4Error@_VecMathTests@aos@shdfnd@physx@@3T__m128@@B 00000001800594f0     ConvexHullBuilder.obj
 0003:00001500       ?minV4Error@_VecMathTests@aos@shdfnd@physx@@3T__m128@@B 0000000180059500     ConvexHullBuilder.obj
 0003:00001510       ?minV3Error@_VecMathTests@aos@shdfnd@physx@@3T__m128@@B 0000000180059510     ConvexHullBuilder.obj
 0003:00001520       ?maxFError@_VecMathTests@aos@shdfnd@physx@@3T__m128@@B 0000000180059520     ConvexHullBuilder.obj
 0003:00001530       ?maxV3Error@_VecMathTests@aos@shdfnd@physx@@3T__m128@@B 0000000180059530     ConvexHullUtils.obj
 0003:00001540       ?minFError@_VecMathTests@aos@shdfnd@physx@@3T__m128@@B 0000000180059540     ConvexHullUtils.obj
 0003:00001550       ?maxV4Error@_VecMathTests@aos@shdfnd@physx@@3T__m128@@B 0000000180059550     ConvexHullUtils.obj
 0003:00001560       ?minV4Error@_VecMathTests@aos@shdfnd@physx@@3T__m128@@B 0000000180059560     ConvexHullUtils.obj
 0003:00001570       ?minV3Error@_VecMathTests@aos@shdfnd@physx@@3T__m128@@B 0000000180059570     ConvexHullUtils.obj
 0003:00001580       ?maxFError@_VecMathTests@aos@shdfnd@physx@@3T__m128@@B 0000000180059580     ConvexHullUtils.obj
 0003:00001590       ?maxV3Error@_VecMathTests@aos@shdfnd@physx@@3T__m128@@B 0000000180059590     ConvexMeshBuilder.obj
 0003:000015a0       ?minFError@_VecMathTests@aos@shdfnd@physx@@3T__m128@@B 00000001800595a0     ConvexMeshBuilder.obj
 0003:000015b0       ?maxV4Error@_VecMathTests@aos@shdfnd@physx@@3T__m128@@B 00000001800595b0     ConvexMeshBuilder.obj
 0003:000015c0       ?minV4Error@_VecMathTests@aos@shdfnd@physx@@3T__m128@@B 00000001800595c0     ConvexMeshBuilder.obj
 0003:000015d0       ?minV3Error@_VecMathTests@aos@shdfnd@physx@@3T__m128@@B 00000001800595d0     ConvexMeshBuilder.obj
 0003:000015e0       ?maxFError@_VecMathTests@aos@shdfnd@physx@@3T__m128@@B 00000001800595e0     ConvexMeshBuilder.obj
 0003:000015f0       ?maxV3Error@_VecMathTests@aos@shdfnd@physx@@3T__m128@@B 00000001800595f0     VolumeIntegration.obj
 0003:00001600       ?minFError@_VecMathTests@aos@shdfnd@physx@@3T__m128@@B 0000000180059600     VolumeIntegration.obj
 0003:00001610       ?maxV4Error@_VecMathTests@aos@shdfnd@physx@@3T__m128@@B 0000000180059610     VolumeIntegration.obj
 0003:00001620       ?minV4Error@_VecMathTests@aos@shdfnd@physx@@3T__m128@@B 0000000180059620     VolumeIntegration.obj
 0003:00001630       ?minV3Error@_VecMathTests@aos@shdfnd@physx@@3T__m128@@B 0000000180059630     VolumeIntegration.obj
 0003:00001640       ?maxFError@_VecMathTests@aos@shdfnd@physx@@3T__m128@@B 0000000180059640     VolumeIntegration.obj
 0003:00001650       ?gCookingDelayLoadHook@@3PEBVPxDelayLoadHook@physx@@EB 0000000180059650     WindowsCookingDelayLoadHook.obj
 0003:000016b0       ?__proc_attached@@3HA      00000001800596b0     LIBCMT:dll_dllmain.obj
 0003:000016d8       ?is_initialized_as_dll@@3_NA 00000001800596d8     LIBCMT:utility.obj
 0003:000016d9       ?module_local_atexit_table_initialized@@3_NA 00000001800596d9     LIBCMT:utility.obj
 0003:000016e0       ?module_local_atexit_table@@3U_onexit_table_t@@A 00000001800596e0     LIBCMT:utility.obj
 0003:000016f8       ?module_local_at_quick_exit_table@@3U_onexit_table_t@@A 00000001800596f8     LIBCMT:utility.obj
 0003:00001768       ?heap@@3V_HeapManager@@A   0000000180059768     libvcruntime:undname.obj
 0003:00001790       ?__vcrt_startup_thread_ptd@@3U__vcrt_ptd@@A 0000000180059790     libvcruntime:per_thread_data.obj
 0003:00001810       __vcrt_lock_table          0000000180059810     libvcruntime:locks.obj
 0003:00001838       __vcrt_locks_initialized   0000000180059838     libvcruntime:locks.obj
 0003:00001840       ?module_handles@@3PAPEAUHINSTANCE__@@A 0000000180059840     libvcruntime:winapi_downlevel.obj
 0003:00001858       ?function_pointers@@3PAPEAXA 0000000180059858     libvcruntime:winapi_downlevel.obj
 0003:00001880       ?c_termination_complete@@3JA 0000000180059880     libucrt:exit.obj
 0003:00001888       ?thread_local_exit_callback_func@@3P6AXPEAXK0@ZEA 0000000180059888     libucrt:exit.obj
 0003:000018a0       ?program_name@?1???$common_configure_argv@D@@YAHW4_crt_argv_mode@@@Z@4PADA 00000001800598a0     libucrt:argv_parsing.obj
 0003:00001a00       ?__acrt_lock_table@@3PAU_RTL_CRITICAL_SECTION@@A 0000000180059a00     libucrt:locks.obj
 0003:00001c30       ?__acrt_locks_initialized@@3IA 0000000180059c30     libucrt:locks.obj
 0003:00001c38       ?__acrt_invalid_parameter_handler@@3V?$dual_state_global@P6AXPEB_W00I_K@Z@__crt_state_management@@A 0000000180059c38     libucrt:invalid_parameter.obj
 0003:00001c58       ?fSystemSet@@3HA           0000000180059c58     libucrt:mbctype.obj
 0003:00001c5c       ?initialized@?1??__acrt_initialize_multibyte@@9@4_NA 0000000180059c5c     libucrt:mbctype.obj
 0003:00001c90       ?module_handles@@3PAPEAUHINSTANCE__@@A 0000000180059c90     libucrt:winapi_thunks.obj
 0003:00001d30       ?encoded_function_pointers@@3PAPEAXA 0000000180059d30     libucrt:winapi_thunks.obj
 0003:00002258       ?__acrt_new_handler@@3V?$dual_state_global@P6AH_K@Z@__crt_state_management@@A 000000018005a258     libucrt:new_handler.obj
 0003:00002260       ?ctrlc_action@@3V?$dual_state_global@P6AXH@Z@__crt_state_management@@A 000000018005a260     libucrt:signal.obj
 0003:00002268       ?ctrlbreak_action@@3V?$dual_state_global@P6AXH@Z@__crt_state_management@@A 000000018005a268     libucrt:signal.obj
 0003:00002270       ?abort_action@@3V?$dual_state_global@P6AXH@Z@__crt_state_management@@A 000000018005a270     libucrt:signal.obj
 0003:00002278       ?term_action@@3V?$dual_state_global@P6AXH@Z@__crt_state_management@@A 000000018005a278     libucrt:signal.obj
 0003:00002280       ?user_matherr@@3V?$dual_state_global@P6AHPEAU_exception@@@Z@__crt_state_management@@A 000000018005a280     libucrt:matherr.obj
 0003:000022b0       ?internal_state@?1??_mbtowc_l@@9@4U_Mbstatet@@A 000000018005a2b0     libucrt:mbtowc.obj
 0003:000022b8       ?enable_percent_n@@3_KA    000000018005a2b8     libucrt:printf_count_output.obj
 0003:000022c4       ?__acrt_global_new_mode@@3V?$dual_state_global@J@__crt_state_management@@A 000000018005a2c4     libucrt:new_mode.obj
 0003:000022d0       ?__acrt_app_type@@3W4_crt_app_type@@A 000000018005a2d0     libucrt:report_runtime_error.obj
 0003:000022d8       ?internal_pst@?1??__mbrtoc32_utf8@__crt_mbstring@@YA_KPEA_UPEBD_KPEAU_Mbstatet@@@Z@4U3@A 000000018005a2d8     libucrt:mbrtoc32.obj
 0003:000022e0       GS_ExceptionRecord         000000018005a2e0     LIBCMT:gs_report.obj
 0003:00002380       GS_ContextRecord           000000018005a380     LIBCMT:gs_report.obj
 0005:00000000       _2il0floatpacket$19        000000018005f000     LIBCMT:svml_ssinf4_sse2.obj
 0005:00002200       _vmlsSinHATab              0000000180061200     LIBCMT:svml_s_sin_cout.obj
 0005:00002210       MsetTab                    0000000180061210     libvcruntime:memset.obj
 0005:00002260       MoveSmall                  0000000180061260     libvcruntime:memcpy.obj
 0006:000000a0       $R000000                   00000001800620a0     PhysXCooking.res
 0006:000003d0       $R000330                   00000001800623d0     PhysXCooking.res
